Archive member included to satisfy reference by file (symbol)

/Users/raeezjaldin/Library/Arduino15/packages/arduino/tools/arm-none-eabi-gcc/7-2017q4/bin/../lib/gcc/arm-none-eabi/7.2.1/thumb/v6-m/libgcc.a(_dvmd_tls.o)
                              CMakeFiles/cap_template.dir/Users/raeezjaldin/Pico/pico-sdk/src/rp2_common/pico_divider/divider_hardware.S.o (__aeabi_idiv0)
/Users/raeezjaldin/Library/Arduino15/packages/arduino/tools/arm-none-eabi-gcc/7-2017q4/bin/../lib/gcc/arm-none-eabi/7.2.1/../../../../arm-none-eabi/lib/thumb/v6-m/libg.a(lib_a-calloc.o)
                              CMakeFiles/cap_template.dir/Users/raeezjaldin/Pico/pico-sdk/src/rp2_common/pico_malloc/malloc.c.o (calloc)
/Users/raeezjaldin/Library/Arduino15/packages/arduino/tools/arm-none-eabi-gcc/7-2017q4/bin/../lib/gcc/arm-none-eabi/7.2.1/../../../../arm-none-eabi/lib/thumb/v6-m/libg.a(lib_a-callocr.o)
                              /Users/raeezjaldin/Library/Arduino15/packages/arduino/tools/arm-none-eabi-gcc/7-2017q4/bin/../lib/gcc/arm-none-eabi/7.2.1/../../../../arm-none-eabi/lib/thumb/v6-m/libg.a(lib_a-calloc.o) (_calloc_r)
/Users/raeezjaldin/Library/Arduino15/packages/arduino/tools/arm-none-eabi-gcc/7-2017q4/bin/../lib/gcc/arm-none-eabi/7.2.1/../../../../arm-none-eabi/lib/thumb/v6-m/libg.a(lib_a-impure.o)
                              CMakeFiles/cap_template.dir/main.c.o (_impure_ptr)
/Users/raeezjaldin/Library/Arduino15/packages/arduino/tools/arm-none-eabi-gcc/7-2017q4/bin/../lib/gcc/arm-none-eabi/7.2.1/../../../../arm-none-eabi/lib/thumb/v6-m/libg.a(lib_a-init.o)
                              /Users/raeezjaldin/Library/Arduino15/packages/arduino/tools/arm-none-eabi-gcc/7-2017q4/bin/../lib/gcc/arm-none-eabi/7.2.1/../../../../arm-none-eabi/lib/thumb/v6-m/crt0.o (__libc_init_array)
/Users/raeezjaldin/Library/Arduino15/packages/arduino/tools/arm-none-eabi-gcc/7-2017q4/bin/../lib/gcc/arm-none-eabi/7.2.1/../../../../arm-none-eabi/lib/thumb/v6-m/libg.a(lib_a-lcltime_r.o)
                              CMakeFiles/cap_template.dir/Users/raeezjaldin/Pico/pico-sdk/src/common/pico_util/datetime.c.o (localtime_r)
/Users/raeezjaldin/Library/Arduino15/packages/arduino/tools/arm-none-eabi-gcc/7-2017q4/bin/../lib/gcc/arm-none-eabi/7.2.1/../../../../arm-none-eabi/lib/thumb/v6-m/libg.a(lib_a-malloc.o)
                              CMakeFiles/cap_template.dir/Users/raeezjaldin/Pico/pico-sdk/src/rp2_common/pico_malloc/malloc.c.o (malloc)
/Users/raeezjaldin/Library/Arduino15/packages/arduino/tools/arm-none-eabi-gcc/7-2017q4/bin/../lib/gcc/arm-none-eabi/7.2.1/../../../../arm-none-eabi/lib/thumb/v6-m/libg.a(lib_a-mallocr.o)
                              /Users/raeezjaldin/Library/Arduino15/packages/arduino/tools/arm-none-eabi-gcc/7-2017q4/bin/../lib/gcc/arm-none-eabi/7.2.1/../../../../arm-none-eabi/lib/thumb/v6-m/libg.a(lib_a-callocr.o) (_malloc_r)
/Users/raeezjaldin/Library/Arduino15/packages/arduino/tools/arm-none-eabi-gcc/7-2017q4/bin/../lib/gcc/arm-none-eabi/7.2.1/../../../../arm-none-eabi/lib/thumb/v6-m/libg.a(lib_a-memcmp.o)
                              CMakeFiles/cap_template.dir/Users/raeezjaldin/Pico/pico-sdk/src/rp2_common/pico_atomic/atomic.c.o (memcmp)
/Users/raeezjaldin/Library/Arduino15/packages/arduino/tools/arm-none-eabi-gcc/7-2017q4/bin/../lib/gcc/arm-none-eabi/7.2.1/../../../../arm-none-eabi/lib/thumb/v6-m/libg.a(lib_a-mktime.o)
                              CMakeFiles/cap_template.dir/Users/raeezjaldin/Pico/pico-sdk/src/common/pico_util/datetime.c.o (mktime)
/Users/raeezjaldin/Library/Arduino15/packages/arduino/tools/arm-none-eabi-gcc/7-2017q4/bin/../lib/gcc/arm-none-eabi/7.2.1/../../../../arm-none-eabi/lib/thumb/v6-m/libg.a(lib_a-mlock.o)
                              /Users/raeezjaldin/Library/Arduino15/packages/arduino/tools/arm-none-eabi-gcc/7-2017q4/bin/../lib/gcc/arm-none-eabi/7.2.1/../../../../arm-none-eabi/lib/thumb/v6-m/libg.a(lib_a-mallocr.o) (__malloc_lock)
/Users/raeezjaldin/Library/Arduino15/packages/arduino/tools/arm-none-eabi-gcc/7-2017q4/bin/../lib/gcc/arm-none-eabi/7.2.1/../../../../arm-none-eabi/lib/thumb/v6-m/libg.a(lib_a-month_lengths.o)
                              /Users/raeezjaldin/Library/Arduino15/packages/arduino/tools/arm-none-eabi-gcc/7-2017q4/bin/../lib/gcc/arm-none-eabi/7.2.1/../../../../arm-none-eabi/lib/thumb/v6-m/libg.a(lib_a-lcltime_r.o) (__month_lengths)
/Users/raeezjaldin/Library/Arduino15/packages/arduino/tools/arm-none-eabi-gcc/7-2017q4/bin/../lib/gcc/arm-none-eabi/7.2.1/../../../../arm-none-eabi/lib/thumb/v6-m/libg.a(lib_a-realloc.o)
                              CMakeFiles/cap_template.dir/Users/raeezjaldin/Pico/pico-sdk/src/rp2_common/pico_malloc/malloc.c.o (realloc)
/Users/raeezjaldin/Library/Arduino15/packages/arduino/tools/arm-none-eabi-gcc/7-2017q4/bin/../lib/gcc/arm-none-eabi/7.2.1/../../../../arm-none-eabi/lib/thumb/v6-m/libg.a(lib_a-reallocr.o)
[...]
Memory Configuration

Name             Origin             Length             Attributes
FLASH            0x0000000010000000 0x0000000000200000 xr
RAM              0x0000000020000000 0x0000000000040000 xrw
SCRATCH_X        0x0000000020040000 0x0000000000001000 xrw
SCRATCH_Y        0x0000000020041000 0x0000000000001000 xrw
*default*        0x0000000000000000 0xffffffffffffffff

Linker script and memory map

LOAD /Users/raeezjaldin/Library/Arduino15/packages/arduino/tools/arm-none-eabi-gcc/7-2017q4/bin/../lib/gcc/arm-none-eabi/7.2.1/thumb/v6-m/crti.o
LOAD /Users/raeezjaldin/Library/Arduino15/packages/arduino/tools/arm-none-eabi-gcc/7-2017q4/bin/../lib/gcc/arm-none-eabi/7.2.1/thumb/v6-m/crtbegin.o
LOAD /Users/raeezjaldin/Library/Arduino15/packages/arduino/tools/arm-none-eabi-gcc/7-2017q4/bin/../lib/gcc/arm-none-eabi/7.2.1/../../../../arm-none-eabi/lib/thumb/v6-m/crt0.o

.flash_begin    0x0000000010000000        0x0
                0x0000000010000000                __flash_binary_start = .

.boot2          0x0000000010000000      0x100
                0x0000000010000000                __boot2_start__ = .
 *(.boot2)
 .boot2         0x0000000010000000      0x100 pico-sdk/src/rp2040/boot_stage2/CMakeFiles/bs2_default_library.dir/bs2_default_padded_checksummed.S.o
                0x0000000010000100                __boot2_end__ = .
                0x0000000000000001                ASSERT (((__boot2_end__ - __boot2_start__) == 0x100), ERROR: Pico second stage bootloader must be 256 bytes in size)

.text           0x0000000010000100     0x8154
                0x0000000010000100                __logical_binary_start = .
 *(.vectors)
 .vectors       0x0000000010000100       0xd4 CMakeFiles/cap_template.dir/Users/raeezjaldin/Pico/pico-sdk/src/rp2_common/pico_crt0/crt0.S.o
                0x0000000010000100                __VECTOR_TABLE
                0x0000000010000100                __vectors
                0x00000000100001c0                isr_irq13
                0x00000000100001c0                isr_irq27
                0x00000000100001c0                isr_irq31
                0x00000000100001c0                isr_irq5
                0x00000000100001c0                isr_irq11
                0x00000000100001c0                isr_irq23
                0x00000000100001c0                isr_irq18
                0x00000000100001c0                isr_irq9
                0x00000000100001c0                __unhandled_user_irq
                0x00000000100001c0                isr_irq25
                0x00000000100001c0                isr_irq4
                0x00000000100001c0                isr_irq16
                0x00000000100001c0                isr_irq29
                0x00000000100001c0                isr_irq26
                0x00000000100001c0                isr_irq3
                0x00000000100001c0                isr_irq12
                0x00000000100001c0                isr_irq30
                0x00000000100001c0                isr_irq28
                0x00000000100001c0                isr_irq19
                0x00000000100001c0                isr_irq0
                0x00000000100001c0                isr_irq6
                0x00000000100001c0                isr_irq22
                0x00000000100001c0                isr_irq17
                0x00000000100001c0                isr_irq14
                0x00000000100001c0                __vectors_end
                0x00000000100001c0                __default_isrs_start
                0x00000000100001c0                isr_irq2
                0x00000000100001c0                isr_irq10
                0x00000000100001c0                isr_irq8
                0x00000000100001c0                isr_irq24
                0x00000000100001c0                isr_irq1
                0x00000000100001c0                isr_irq7
                0x00000000100001c0                isr_irq21
                0x00000000100001c0                isr_irq20
                0x00000000100001c0                isr_irq15
                0x00000000100001c6                unhandled_user_irq_num_in_r0
                0x00000000100001c8                isr_invalid
                0x00000000100001ca                isr_nmi
                0x00000000100001cc                isr_hardfault
                0x00000000100001ce                isr_svcall
                0x00000000100001d0                isr_pendsv
                0x00000000100001d2                isr_systick
                0x00000000100001d4                __default_isrs_end
 *(.binary_info_header)
 .binary_info_header
                0x00000000100001d4       0x14 CMakeFiles/cap_template.dir/Users/raeezjaldin/Pico/pico-sdk/src/rp2_common/pico_crt0/crt0.S.o
                0x00000000100001e8                __binary_info_header_end = .
 *(.embedded_block)
                0x00000000100001e8                __embedded_block_end = .
 *(.reset)
 .reset         0x00000000100001e8       0x9c CMakeFiles/cap_template.dir/Users/raeezjaldin/Pico/pico-sdk/src/rp2_common/pico_crt0/crt0.S.o
                0x00000000100001e8                _entry_point
 *(.init)
 .init          0x0000000010000284        0x4 /Users/raeezjaldin/Library/Arduino15/packages/arduino/tools/arm-none-eabi-gcc/7-2017q4/bin/../lib/gcc/arm-none-eabi/7.2.1/thumb/v6-m/crti.o
                0x0000000010000284                _init
 *(EXCLUDE_FILE(*libm.a: *libc.a:*lib_a-mem*.o *libgcc.a:) .text*)
 .text          0x0000000010000288       0x48 /Users/raeezjaldin/Library/Arduino15/packages/arduino/tools/arm-none-eabi-gcc/7-2017q4/bin/../lib/gcc/arm-none-eabi/7.2.1/thumb/v6-m/crtbegin.o
 .text.startup.main
                0x00000000100002d0       0x40 CMakeFiles/cap_template.dir/main.c.o
                0x00000000100002d0                main
 .text.custom_fgets
                0x0000000010000310       0x5c CMakeFiles/cap_template.dir/custom_fgets.c.o
                0x0000000010000310                custom_fgets
 .text.flash_write_safe
                0x000000001000036c      0x118 CMakeFiles/cap_template.dir/flash_ops.c.o
                0x000000001000036c                flash_write_safe
 .text.flash_read_safe
                0x0000000010000484       0x90 CMakeFiles/cap_template.dir/flash_ops.c.o
                0x0000000010000484                flash_read_safe
 .text.flash_erase_safe
                0x0000000010000514       0x94 CMakeFiles/cap_template.dir/flash_ops.c.o
                0x0000000010000514                flash_erase_safe
 .text.execute_command
                0x00000000100005a8      0x2c8 CMakeFiles/cap_template.dir/cli.c.o
                0x00000000100005a8                execute_command
 .text.rp2040_chip_version
                0x0000000010000870        0xc CMakeFiles/cap_template.dir/Users/raeezjaldin/Pico/pico-sdk/src/rp2040/pico_platform/platform.c.o
                0x0000000010000870                rp2040_chip_version
 .text.panic    0x000000001000087c       0x30 CMakeFiles/cap_template.dir/Users/raeezjaldin/Pico/pico-sdk/src/rp2_common/pico_platform_panic/panic.c.o
                0x000000001000087c                panic
 .text.hw_claim_or_assert
                0x00000000100008ac       0x44 CMakeFiles/cap_template.dir/Users/raeezjaldin/Pico/pico-sdk/src/common/hardware_claim/claim.c.o
                0x00000000100008ac                hw_claim_or_assert
 .text.hw_claim_unused_from_range
                0x00000000100008f0       0x9c CMakeFiles/cap_template.dir/Users/raeezjaldin/Pico/pico-sdk/src/common/hardware_claim/claim.c.o
                0x00000000100008f0                hw_claim_unused_from_range
 .text.next_striped_spin_lock_num
                0x000000001000098c       0x18 CMakeFiles/cap_template.dir/Users/raeezjaldin/Pico/pico-sdk/src/rp2_common/hardware_sync/sync.c.o
                0x000000001000098c                next_striped_spin_lock_num
 .text.spin_lock_claim_unused
                0x00000000100009a4       0x20 CMakeFiles/cap_template.dir/Users/raeezjaldin/Pico/pico-sdk/src/rp2_common/hardware_sync/sync.c.o
                0x00000000100009a4                spin_lock_claim_unused
 .text.spin_locks_reset
                0x00000000100009c4       0x1c CMakeFiles/cap_template.dir/Users/raeezjaldin/Pico/pico-sdk/src/rp2_common/hardware_sync_spin_lock/sync_spin_lock.c.o
                0x00000000100009c4                spin_locks_reset
 .text.runtime_init_per_core_irq_priorities
                0x00000000100009e0       0x24 CMakeFiles/cap_template.dir/Users/raeezjaldin/Pico/pico-sdk/src/rp2_common/hardware_irq/irq.c.o
                0x00000000100009e0                runtime_init_per_core_irq_priorities
 .text.irq_set_enabled
                0x0000000010000a04       0x24 CMakeFiles/cap_template.dir/Users/raeezjaldin/Pico/pico-sdk/src/rp2_common/hardware_irq/irq.c.o
                0x0000000010000a04                irq_set_enabled
 .text.irq_is_enabled
                0x0000000010000a28       0x18 CMakeFiles/cap_template.dir/Users/raeezjaldin/Pico/pico-sdk/src/rp2_common/hardware_irq/irq.c.o
                0x0000000010000a28                irq_is_enabled
 .text.irq_set_pending
                0x0000000010000a40       0x10 CMakeFiles/cap_template.dir/Users/raeezjaldin/Pico/pico-sdk/src/rp2_common/hardware_irq/irq.c.o
                0x0000000010000a40                irq_set_pending
 .text.irq_has_shared_handler
                0x0000000010000a50       0x24 CMakeFiles/cap_template.dir/Users/raeezjaldin/Pico/pico-sdk/src/rp2_common/hardware_irq/irq.c.o
                0x0000000010000a50                irq_has_shared_handler
 .text.irq_set_exclusive_handler
                0x0000000010000a74       0x54 CMakeFiles/cap_template.dir/Users/raeezjaldin/Pico/pico-sdk/src/rp2_common/hardware_irq/irq.c.o
                0x0000000010000a74                irq_set_exclusive_handler
 .text.irq_add_shared_handler
                0x0000000010000ac8      0x1c8 CMakeFiles/cap_template.dir/Users/raeezjaldin/Pico/pico-sdk/src/rp2_common/hardware_irq/irq.c.o
                0x0000000010000ac8                irq_add_shared_handler
 .text.irq_add_tail_to_free_list
                0x0000000010000c90       0xb4 CMakeFiles/cap_template.dir/Users/raeezjaldin/Pico/pico-sdk/src/rp2_common/hardware_irq/irq.c.o
                0x0000000010000c90                irq_add_tail_to_free_list
 .text.user_irq_claim_unused
                0x0000000010000d44       0x28 CMakeFiles/cap_template.dir/Users/raeezjaldin/Pico/pico-sdk/src/rp2_common/hardware_irq/irq.c.o
                0x0000000010000d44                user_irq_claim_unused
 .text.lock_init
                0x0000000010000d6c       0x10 CMakeFiles/cap_template.dir/Users/raeezjaldin/Pico/pico-sdk/src/common/pico_sync/lock_core.c.o
                0x0000000010000d6c                lock_init
 .text.runtime_init_mutex
                0x0000000010000d7c       0x68 CMakeFiles/cap_template.dir/Users/raeezjaldin/Pico/pico-sdk/src/common/pico_sync/mutex.c.o
                0x0000000010000d7c                runtime_init_mutex
 .text.mutex_init
                0x0000000010000de4       0x1c CMakeFiles/cap_template.dir/Users/raeezjaldin/Pico/pico-sdk/src/common/pico_sync/mutex.c.o
                0x0000000010000de4                mutex_init
 .text.critical_section_init
                0x0000000010000e00       0x20 CMakeFiles/cap_template.dir/Users/raeezjaldin/Pico/pico-sdk/src/common/pico_sync/critical_section.c.o
                0x0000000010000e00                critical_section_init
 .text.critical_section_init_with_lock_num
                0x0000000010000e20       0x14 CMakeFiles/cap_template.dir/Users/raeezjaldin/Pico/pico-sdk/src/common/pico_sync/critical_section.c.o
                0x0000000010000e20                critical_section_init_with_lock_num
 .text.sleep_until_callback
                0x0000000010000e34       0x30 CMakeFiles/cap_template.dir/Users/raeezjaldin/Pico/pico-sdk/src/common/pico_time/time.c.o
 .text.alarm_pool_irq_handler
                0x0000000010000e64      0x310 CMakeFiles/cap_template.dir/Users/raeezjaldin/Pico/pico-sdk/src/common/pico_time/time.c.o
 .text.runtime_init_default_alarm_pool
                0x0000000010001174       0xd8 CMakeFiles/cap_template.dir/Users/raeezjaldin/Pico/pico-sdk/src/common/pico_time/time.c.o
                0x0000000010001174                runtime_init_default_alarm_pool
 .text.alarm_pool_get_default
                0x000000001000124c        0x8 CMakeFiles/cap_template.dir/Users/raeezjaldin/Pico/pico-sdk/src/common/pico_time/time.c.o
                0x000000001000124c                alarm_pool_get_default
 .text.alarm_pool_add_alarm_at
                0x0000000010001254       0xc8 CMakeFiles/cap_template.dir/Users/raeezjaldin/Pico/pico-sdk/src/common/pico_time/time.c.o
                0x0000000010001254                alarm_pool_add_alarm_at
 .text.alarm_pool_add_alarm_at_force_in_context
                0x000000001000131c       0xa8 CMakeFiles/cap_template.dir/Users/raeezjaldin/Pico/pico-sdk/src/common/pico_time/time.c.o
                0x000000001000131c                alarm_pool_add_alarm_at_force_in_context
 .text.alarm_pool_core_num
                0x00000000100013c4        0x4 CMakeFiles/cap_template.dir/Users/raeezjaldin/Pico/pico-sdk/src/common/pico_time/time.c.o
                0x00000000100013c4                alarm_pool_core_num
 .text.sleep_ms
                0x00000000100013c8       0xf4 CMakeFiles/cap_template.dir/Users/raeezjaldin/Pico/pico-sdk/src/common/pico_time/time.c.o
                0x00000000100013c8                sleep_ms
 .text.best_effort_wfe_or_timeout
                0x00000000100014bc      0x164 CMakeFiles/cap_template.dir/Users/raeezjaldin/Pico/pico-sdk/src/common/pico_time/time.c.o
                0x00000000100014bc                best_effort_wfe_or_timeout
 .text.timer_hardware_alarm_claim
                0x0000000010001620       0x14 CMakeFiles/cap_template.dir/Users/raeezjaldin/Pico/pico-sdk/src/rp2_common/hardware_timer/timer.c.o
                0x0000000010001620                timer_hardware_alarm_claim
 .text.timer_time_us_64
                0x0000000010001634       0x14 CMakeFiles/cap_template.dir/Users/raeezjaldin/Pico/pico-sdk/src/rp2_common/hardware_timer/timer.c.o
                0x0000000010001634                timer_time_us_64
 .text.time_us_64
                0x0000000010001648       0x18 CMakeFiles/cap_template.dir/Users/raeezjaldin/Pico/pico-sdk/src/rp2_common/hardware_timer/timer.c.o
                0x0000000010001648                time_us_64
 .text.busy_wait_us
                0x0000000010001660       0x60 CMakeFiles/cap_template.dir/Users/raeezjaldin/Pico/pico-sdk/src/rp2_common/hardware_timer/timer.c.o
                0x0000000010001660                busy_wait_us
 .text.busy_wait_until
                0x00000000100016c0       0x20 CMakeFiles/cap_template.dir/Users/raeezjaldin/Pico/pico-sdk/src/rp2_common/hardware_timer/timer.c.o
                0x00000000100016c0                busy_wait_until
 .text.clock_configure_int_divider
                0x00000000100016e0       0xf0 CMakeFiles/cap_template.dir/Users/raeezjaldin/Pico/pico-sdk/src/rp2_common/hardware_clocks/clocks.c.o
                0x00000000100016e0                clock_configure_int_divider
 .text.clock_configure_undivided
                0x00000000100017d0       0xe8 CMakeFiles/cap_template.dir/Users/raeezjaldin/Pico/pico-sdk/src/rp2_common/hardware_clocks/clocks.c.o
                0x00000000100017d0                clock_configure_undivided
 .text.clock_get_hz
                0x00000000100018b8        0xc CMakeFiles/cap_template.dir/Users/raeezjaldin/Pico/pico-sdk/src/rp2_common/hardware_clocks/clocks.c.o
                0x00000000100018b8                clock_get_hz
 .text.pll_init
                0x00000000100018c4       0xa0 CMakeFiles/cap_template.dir/Users/raeezjaldin/Pico/pico-sdk/src/rp2_common/hardware_pll/pll.c.o
                0x00000000100018c4                pll_init
 .text.watchdog_reboot
                0x0000000010001964       0x98 CMakeFiles/cap_template.dir/Users/raeezjaldin/Pico/pico-sdk/src/rp2_common/hardware_watchdog/watchdog.c.o
                0x0000000010001964                watchdog_reboot
 .text.tick_start
                0x00000000100019fc       0x10 CMakeFiles/cap_template.dir/Users/raeezjaldin/Pico/pico-sdk/src/rp2_common/hardware_ticks/ticks.c.o
                0x00000000100019fc                tick_start
 .text.rom_func_lookup
                0x0000000010001a0c       0x10 CMakeFiles/cap_template.dir/Users/raeezjaldin/Pico/pico-sdk/src/rp2_common/pico_bootrom/bootrom.c.o
                0x0000000010001a0c                rom_func_lookup
 .text.rom_data_lookup
                0x0000000010001a1c       0x10 CMakeFiles/cap_template.dir/Users/raeezjaldin/Pico/pico-sdk/src/rp2_common/pico_bootrom/bootrom.c.o
                0x0000000010001a1c                rom_data_lookup
 .text.rom_funcs_lookup
                0x0000000010001a2c       0x3c CMakeFiles/cap_template.dir/Users/raeezjaldin/Pico/pico-sdk/src/rp2_common/pico_bootrom/bootrom.c.o
                0x0000000010001a2c                rom_funcs_lookup
 .text.rom_reset_usb_boot_extra
                0x0000000010001a68       0x28 CMakeFiles/cap_template.dir/Users/raeezjaldin/Pico/pico-sdk/src/rp2_common/pico_bootrom/bootrom.c.o
                0x0000000010001a68                rom_reset_usb_boot_extra
 .text.xosc_init
                0x0000000010001a90       0x28 CMakeFiles/cap_template.dir/Users/raeezjaldin/Pico/pico-sdk/src/rp2_common/hardware_xosc/xosc.c.o
                0x0000000010001a90                xosc_init
 .text.first_per_core_initializer
                0x0000000010001ab8        0x4 CMakeFiles/cap_template.dir/Users/raeezjaldin/Pico/pico-sdk/src/rp2_common/pico_runtime/runtime.c.o
 .text.hard_assertion_failure
                0x0000000010001abc        0xc CMakeFiles/cap_template.dir/Users/raeezjaldin/Pico/pico-sdk/src/rp2_common/pico_runtime/runtime.c.o
                0x0000000010001abc                hard_assertion_failure
 .text.runtime_run_initializers
                0x0000000010001ac8       0x28 CMakeFiles/cap_template.dir/Users/raeezjaldin/Pico/pico-sdk/src/rp2_common/pico_runtime/runtime.c.o
                0x0000000010001ac8                runtime_run_initializers
 .text.runtime_init_early_resets
                0x0000000010001af0       0x2c CMakeFiles/cap_template.dir/Users/raeezjaldin/Pico/pico-sdk/src/rp2_common/pico_runtime_init/runtime_init.c.o
                0x0000000010001af0                runtime_init_early_resets
 .text.runtime_init_usb_power_down
                0x0000000010001b1c       0x1c CMakeFiles/cap_template.dir/Users/raeezjaldin/Pico/pico-sdk/src/rp2_common/pico_runtime_init/runtime_init.c.o
                0x0000000010001b1c                runtime_init_usb_power_down
 .text.runtime_init_post_clock_resets
                0x0000000010001b38       0x20 CMakeFiles/cap_template.dir/Users/raeezjaldin/Pico/pico-sdk/src/rp2_common/pico_runtime_init/runtime_init.c.o
                0x0000000010001b38                runtime_init_post_clock_resets
 .text.runtime_init_rp2040_gpio_ie_disable
                0x0000000010001b58       0x14 CMakeFiles/cap_template.dir/Users/raeezjaldin/Pico/pico-sdk/src/rp2_common/pico_runtime_init/runtime_init.c.o
                0x0000000010001b58                runtime_init_rp2040_gpio_ie_disable
 .text.runtime_init_spin_locks_reset
                0x0000000010001b6c        0x8 CMakeFiles/cap_template.dir/Users/raeezjaldin/Pico/pico-sdk/src/rp2_common/pico_runtime_init/runtime_init.c.o
                0x0000000010001b6c                runtime_init_spin_locks_reset
 .text.runtime_init_install_ram_vector_table
                0x0000000010001b74       0x48 CMakeFiles/cap_template.dir/Users/raeezjaldin/Pico/pico-sdk/src/rp2_common/pico_runtime_init/runtime_init.c.o
                0x0000000010001b74                runtime_init_install_ram_vector_table
 .text.runtime_init_clocks
                0x0000000010001bbc       0xd8 CMakeFiles/cap_template.dir/Users/raeezjaldin/Pico/pico-sdk/src/rp2_common/pico_runtime_init/runtime_init_clocks.c.o
                0x0000000010001bbc                runtime_init_clocks
 .text          0x0000000010001c94       0x10 CMakeFiles/cap_template.dir/Users/raeezjaldin/Pico/pico-sdk/src/rp2_common/pico_bit_ops/bit_ops_aeabi.S.o
 .text.__wrap___aeabi_idiv
                0x0000000010001ca4       0x50 CMakeFiles/cap_template.dir/Users/raeezjaldin/Pico/pico-sdk/src/rp2_common/pico_divider/divider_hardware.S.o
                0x0000000010001ca4                __wrap___aeabi_idivmod
                0x0000000010001ca4                divmod_s32s32
                0x0000000010001ca4                div_s32s32
                0x0000000010001ca4                __wrap___aeabi_idiv
                0x0000000010001cac                divmod_s32s32_unsafe
                0x0000000010001cd8                divmod_s32s32_savestate
 .text.__wrap___aeabi_uidiv
                0x0000000010001cf4       0x4c CMakeFiles/cap_template.dir/Users/raeezjaldin/Pico/pico-sdk/src/rp2_common/pico_divider/divider_hardware.S.o
                0x0000000010001cf4                __wrap___aeabi_uidiv
                0x0000000010001cf4                __wrap___aeabi_uidivmod
                0x0000000010001cf4                div_u32u32
                0x0000000010001cf4                divmod_u32u32
                0x0000000010001cfc                divmod_u32u32_unsafe
                0x0000000010001d24                divmod_u32u32_savestate
 .text.__wrap___aeabi_ldiv
                0x0000000010001d40      0x424 CMakeFiles/cap_template.dir/Users/raeezjaldin/Pico/pico-sdk/src/rp2_common/pico_divider/divider_hardware.S.o
                0x0000000010001d40                __wrap___aeabi_ldivmod
                0x0000000010001d40                div_s64s64
                0x0000000010001d40                divmod_s64s64
                0x0000000010001d70                divmod_u64u64
                0x0000000010001d70                div_u64u64
                0x0000000010001d70                __wrap___aeabi_uldivmod
                0x0000000010001d80                divmod_u64u64_savestate
                0x0000000010001da0                divmod_s64s64_unsafe
                0x0000000010001e28                divmod_u64u64_unsafe
 .text.__wrap___aeabi_darithmetic
                0x0000000010002164       0x80 CMakeFiles/cap_template.dir/Users/raeezjaldin/Pico/pico-sdk/src/rp2_common/pico_double/double_aeabi_rp2040.S.o
                0x0000000010002164                __wrap___aeabi_drsub
                0x000000001000216a                __wrap___aeabi_dsub
                0x000000001000217c                __wrap___aeabi_dadd
                0x000000001000218e                __wrap___aeabi_ddiv
                0x00000000100021ca                __wrap___aeabi_dmul
 .text.__wrap___aeabi_cdcmple
                0x00000000100021e4       0x6c CMakeFiles/cap_template.dir/Users/raeezjaldin/Pico/pico-sdk/src/rp2_common/pico_double/double_aeabi_rp2040.S.o
                0x00000000100021e4                __wrap___aeabi_cdrcmple
                0x00000000100021f4                __wrap___aeabi_cdcmple
                0x00000000100021f4                __wrap___aeabi_cdcmpeq
 .text.__wrap___aeabi_dcmplt
                0x0000000010002250        0xc CMakeFiles/cap_template.dir/Users/raeezjaldin/Pico/pico-sdk/src/rp2_common/pico_double/double_aeabi_rp2040.S.o
                0x0000000010002250                __wrap___aeabi_dcmplt
 .text.__wrap___aeabi_dcmpge
                0x000000001000225c       0x10 CMakeFiles/cap_template.dir/Users/raeezjaldin/Pico/pico-sdk/src/rp2_common/pico_double/double_aeabi_rp2040.S.o
                0x000000001000225c                __wrap___aeabi_dcmpge
 .text.__wrap___aeabi_dcmpgt
                0x000000001000226c        0xa CMakeFiles/cap_template.dir/Users/raeezjaldin/Pico/pico-sdk/src/rp2_common/pico_double/double_aeabi_rp2040.S.o
                0x000000001000226c                __wrap___aeabi_dcmpgt
 .text.__wrap___aeabi_dcmpun
                0x0000000010002276       0x18 CMakeFiles/cap_template.dir/Users/raeezjaldin/Pico/pico-sdk/src/rp2_common/pico_double/double_aeabi_rp2040.S.o
                0x0000000010002276                __wrap___aeabi_dcmpun
 *fill*         0x000000001000228e        0x2 
 .text.__wrap___aeabi_i2d
                0x0000000010002290       0x38 CMakeFiles/cap_template.dir/Users/raeezjaldin/Pico/pico-sdk/src/rp2_common/pico_double/double_aeabi_rp2040.S.o
                0x0000000010002290                __wrap___aeabi_ui2d
                0x0000000010002290                uint2double
                0x0000000010002298                __wrap___aeabi_i2d
                0x0000000010002298                int2double
 .text.__wrap___aeabi_d2iz
                0x00000000100022c8       0x48 CMakeFiles/cap_template.dir/Users/raeezjaldin/Pico/pico-sdk/src/rp2_common/pico_double/double_aeabi_rp2040.S.o
                0x00000000100022c8                __wrap___aeabi_d2iz
                0x00000000100022c8                double2int_z
 .text.__wrap___aeabi_d2uiz
                0x0000000010002310       0x18 CMakeFiles/cap_template.dir/Users/raeezjaldin/Pico/pico-sdk/src/rp2_common/pico_double/double_aeabi_rp2040.S.o
                0x0000000010002310                double2uint_z
                0x0000000010002310                double2uint
                0x0000000010002310                __wrap___aeabi_d2uiz
 .text.__aeabi_double_init
                0x0000000010002328       0x6c CMakeFiles/cap_template.dir/Users/raeezjaldin/Pico/pico-sdk/src/rp2_common/pico_double/double_init_rom_rp2040.c.o
                0x0000000010002328                __aeabi_double_init
 .text.double_table_shim_on_use_helper
                0x0000000010002394       0x2c CMakeFiles/cap_template.dir/Users/raeezjaldin/Pico/pico-sdk/src/rp2_common/pico_double/double_v1_rom_shim_rp2040.S.o
                0x0000000010002394                double_table_shim_on_use_helper
 .text.__wrap___aeabi_dsub
                0x00000000100023c0       0x10 CMakeFiles/cap_template.dir/Users/raeezjaldin/Pico/pico-sdk/src/rp2_common/pico_double/double_v1_rom_shim_rp2040.S.o
                0x00000000100023c0                drsub_shim
                0x00000000100023c6                dsub_shim
 .text.dadd_shim
                0x00000000100023d0      0x15c CMakeFiles/cap_template.dir/Users/raeezjaldin/Pico/pico-sdk/src/rp2_common/pico_double/double_v1_rom_shim_rp2040.S.o
                0x00000000100023d0                dadd_shim
 .text.dmul_shim
                0x000000001000252c      0x15c CMakeFiles/cap_template.dir/Users/raeezjaldin/Pico/pico-sdk/src/rp2_common/pico_double/double_v1_rom_shim_rp2040.S.o
                0x000000001000252c                dmul_shim
 .text.ddiv_shim
                0x0000000010002688      0x1b0 CMakeFiles/cap_template.dir/Users/raeezjaldin/Pico/pico-sdk/src/rp2_common/pico_double/double_v1_rom_shim_rp2040.S.o
                0x0000000010002688                ddiv_shim
 .text.double2uint_shim
                0x0000000010002838        0xe CMakeFiles/cap_template.dir/Users/raeezjaldin/Pico/pico-sdk/src/rp2_common/pico_double/double_v1_rom_shim_rp2040.S.o
                0x0000000010002838                double2uint_shim
                0x000000001000283a                double2ufix_shim
 *fill*         0x0000000010002846        0x2 
 .text.double2uint64_shim
                0x0000000010002848       0x70 CMakeFiles/cap_template.dir/Users/raeezjaldin/Pico/pico-sdk/src/rp2_common/pico_double/double_v1_rom_shim_rp2040.S.o
                0x0000000010002848                double2uint64_shim
                0x000000001000284a                double2ufix64_shim
                0x000000001000286a                d2fix_a
 .text.dunpacks
                0x00000000100028b8       0x3c CMakeFiles/cap_template.dir/Users/raeezjaldin/Pico/pico-sdk/src/rp2_common/pico_double/double_v1_rom_shim_rp2040.S.o
                0x00000000100028b8                dunpacks
 .text.__aeabi_lmul
                0x00000000100028f4       0x32 CMakeFiles/cap_template.dir/Users/raeezjaldin/Pico/pico-sdk/src/rp2_common/pico_int64_ops/pico_int64_ops_aeabi.S.o
                0x00000000100028f4                __wrap___aeabi_lmul
 *fill*         0x0000000010002926        0x2 
 .text.__aeabi_float_init
                0x0000000010002928       0x68 CMakeFiles/cap_template.dir/Users/raeezjaldin/Pico/pico-sdk/src/rp2_common/pico_float/float_init_rom_rp2040.c.o
                0x0000000010002928                __aeabi_float_init
 .text.float_table_shim_on_use_helper
                0x0000000010002990       0x2c CMakeFiles/cap_template.dir/Users/raeezjaldin/Pico/pico-sdk/src/rp2_common/pico_float/float_v1_rom_shim_rp2040.S.o
                0x0000000010002990                float_table_shim_on_use_helper
 .text          0x00000000100029bc       0x10 CMakeFiles/cap_template.dir/Users/raeezjaldin/Pico/pico-sdk/src/rp2_common/pico_mem_ops/mem_ops_aeabi.S.o
                0x00000000100029bc                __aeabi_mem_init
 .text.memset   0x00000000100029cc        0xc CMakeFiles/cap_template.dir/Users/raeezjaldin/Pico/pico-sdk/src/rp2_common/pico_mem_ops/mem_ops_aeabi.S.o
                0x00000000100029cc                __wrap_memset
 .text.memcpy   0x00000000100029d8        0xc CMakeFiles/cap_template.dir/Users/raeezjaldin/Pico/pico-sdk/src/rp2_common/pico_mem_ops/mem_ops_aeabi.S.o
                0x00000000100029d8                __wrap___aeabi_memcpy
                0x00000000100029d8                __wrap_memcpy
 .text._out_null
                0x00000000100029e4        0x4 CMakeFiles/cap_template.dir/Users/raeezjaldin/Pico/pico-sdk/src/rp2_common/pico_printf/printf.c.o
 .text._out_fct
                0x00000000100029e8       0x10 CMakeFiles/cap_template.dir/Users/raeezjaldin/Pico/pico-sdk/src/rp2_common/pico_printf/printf.c.o
 .text._out_char
                0x00000000100029f8        0xc CMakeFiles/cap_template.dir/Users/raeezjaldin/Pico/pico-sdk/src/rp2_common/pico_printf/printf.c.o
 .text._ntoa_format
                0x0000000010002a04      0x270 CMakeFiles/cap_template.dir/Users/raeezjaldin/Pico/pico-sdk/src/rp2_common/pico_printf/printf.c.o
 .text._etoa.part.0
                0x0000000010002c74      0x56c CMakeFiles/cap_template.dir/Users/raeezjaldin/Pico/pico-sdk/src/rp2_common/pico_printf/printf.c.o
 .text._ftoa    0x00000000100031e0      0x6f8 CMakeFiles/cap_template.dir/Users/raeezjaldin/Pico/pico-sdk/src/rp2_common/pico_printf/printf.c.o
 .text._ftoa.part.1
                0x00000000100038d8      0x54c CMakeFiles/cap_template.dir/Users/raeezjaldin/Pico/pico-sdk/src/rp2_common/pico_printf/printf.c.o
 .text._vsnprintf
                0x0000000010003e24     0x11e0 CMakeFiles/cap_template.dir/Users/raeezjaldin/Pico/pico-sdk/src/rp2_common/pico_printf/printf.c.o
 .text.vfctprintf
                0x0000000010005004       0x20 CMakeFiles/cap_template.dir/Users/raeezjaldin/Pico/pico-sdk/src/rp2_common/pico_printf/printf.c.o
                0x0000000010005004                vfctprintf
 .text.weak_raw_vprintf
                0x0000000010005024       0x30 CMakeFiles/cap_template.dir/Users/raeezjaldin/Pico/pico-sdk/src/rp2_common/pico_printf/printf.c.o
                0x0000000010005024                weak_raw_vprintf
 .text._exit    0x0000000010005054        0x4 CMakeFiles/cap_template.dir/Users/raeezjaldin/Pico/pico-sdk/src/rp2_common/pico_clib_interface/newlib_interface.c.o
                0x0000000010005054                _exit
 .text.exit     0x0000000010005058        0x8 CMakeFiles/cap_template.dir/Users/raeezjaldin/Pico/pico-sdk/src/rp2_common/pico_clib_interface/newlib_interface.c.o
                0x0000000010005058                exit
 .text.runtime_init
                0x0000000010005060       0x2c CMakeFiles/cap_template.dir/Users/raeezjaldin/Pico/pico-sdk/src/rp2_common/pico_clib_interface/newlib_interface.c.o
                0x0000000010005060                runtime_init
 .text.stdio_out_chars_no_crlf
                0x000000001000508c       0x10 CMakeFiles/cap_template.dir/Users/raeezjaldin/Pico/pico-sdk/src/rp2_common/pico_stdio/stdio.c.o
 .text.stdio_out_chars_crlf
                0x000000001000509c       0x9c CMakeFiles/cap_template.dir/Users/raeezjaldin/Pico/pico-sdk/src/rp2_common/pico_stdio/stdio.c.o
 .text.stdio_stack_buffer_flush.part.1
                0x0000000010005138       0xdc CMakeFiles/cap_template.dir/Users/raeezjaldin/Pico/pico-sdk/src/rp2_common/pico_stdio/stdio.c.o
 .text.stdio_buffered_printer
                0x0000000010005214       0x20 CMakeFiles/cap_template.dir/Users/raeezjaldin/Pico/pico-sdk/src/rp2_common/pico_stdio/stdio.c.o
 .text.stdio_put_string
                0x0000000010005234       0xfc CMakeFiles/cap_template.dir/Users/raeezjaldin/Pico/pico-sdk/src/rp2_common/pico_stdio/stdio.c.o
                0x0000000010005234                stdio_put_string
 .text.stdio_set_driver_enabled
                0x0000000010005330       0x30 CMakeFiles/cap_template.dir/Users/raeezjaldin/Pico/pico-sdk/src/rp2_common/pico_stdio/stdio.c.o
                0x0000000010005330                stdio_set_driver_enabled
 .text.stdio_init_all
                0x0000000010005360        0x8 CMakeFiles/cap_template.dir/Users/raeezjaldin/Pico/pico-sdk/src/rp2_common/pico_stdio/stdio.c.o
                0x0000000010005360                stdio_init_all
 .text.__wrap_getchar
                0x0000000010005368       0x74 CMakeFiles/cap_template.dir/Users/raeezjaldin/Pico/pico-sdk/src/rp2_common/pico_stdio/stdio.c.o
                0x0000000010005368                __wrap_getchar
                0x0000000010005368                stdio_getchar
 .text.__wrap_putchar
                0x00000000100053dc       0x94 CMakeFiles/cap_template.dir/Users/raeezjaldin/Pico/pico-sdk/src/rp2_common/pico_stdio/stdio.c.o
                0x00000000100053dc                stdio_putchar
                0x00000000100053dc                __wrap_putchar
 .text.__wrap_puts
                0x0000000010005470       0x3c CMakeFiles/cap_template.dir/Users/raeezjaldin/Pico/pico-sdk/src/rp2_common/pico_stdio/stdio.c.o
                0x0000000010005470                __wrap_puts
                0x0000000010005470                stdio_puts
 .text.__wrap_vprintf
                0x00000000100054ac       0x8c CMakeFiles/cap_template.dir/Users/raeezjaldin/Pico/pico-sdk/src/rp2_common/pico_stdio/stdio.c.o
                0x00000000100054ac                __wrap_vprintf
                0x00000000100054ac                stdio_vprintf
 .text.__wrap_printf
                0x0000000010005538       0x18 CMakeFiles/cap_template.dir/Users/raeezjaldin/Pico/pico-sdk/src/rp2_common/pico_stdio/stdio.c.o
                0x0000000010005538                stdio_printf
                0x0000000010005538                __wrap_printf
 .text.resetd_init
                0x0000000010005550        0x4 CMakeFiles/cap_template.dir/Users/raeezjaldin/Pico/pico-sdk/src/rp2_common/pico_stdio_usb/reset_interface.c.o
 .text.resetd_reset
                0x0000000010005554        0xc CMakeFiles/cap_template.dir/Users/raeezjaldin/Pico/pico-sdk/src/rp2_common/pico_stdio_usb/reset_interface.c.o
 .text.resetd_xfer_cb
                0x0000000010005560        0x4 CMakeFiles/cap_template.dir/Users/raeezjaldin/Pico/pico-sdk/src/rp2_common/pico_stdio_usb/reset_interface.c.o
 .text.resetd_open
                0x0000000010005564       0x28 CMakeFiles/cap_template.dir/Users/raeezjaldin/Pico/pico-sdk/src/rp2_common/pico_stdio_usb/reset_interface.c.o
 .text.resetd_control_xfer_cb
                0x000000001000558c       0x5c CMakeFiles/cap_template.dir/Users/raeezjaldin/Pico/pico-sdk/src/rp2_common/pico_stdio_usb/reset_interface.c.o
 .text.tud_descriptor_bos_cb
                0x00000000100055e8        0x8 CMakeFiles/cap_template.dir/Users/raeezjaldin/Pico/pico-sdk/src/rp2_common/pico_stdio_usb/reset_interface.c.o
                0x00000000100055e8                tud_descriptor_bos_cb
 .text.tud_vendor_control_xfer_cb
                0x00000000100055f0       0x34 CMakeFiles/cap_template.dir/Users/raeezjaldin/Pico/pico-sdk/src/rp2_common/pico_stdio_usb/reset_interface.c.o
                0x00000000100055f0                tud_vendor_control_xfer_cb
 .text.usbd_app_driver_get_cb
                0x0000000010005624        0xc CMakeFiles/cap_template.dir/Users/raeezjaldin/Pico/pico-sdk/src/rp2_common/pico_stdio_usb/reset_interface.c.o
                0x0000000010005624                usbd_app_driver_get_cb
 .text.tud_cdc_line_coding_cb
                0x0000000010005630       0x2c CMakeFiles/cap_template.dir/Users/raeezjaldin/Pico/pico-sdk/src/rp2_common/pico_stdio_usb/reset_interface.c.o
                0x0000000010005630                tud_cdc_line_coding_cb
 .text.stdio_usb_set_chars_available_callback
                0x000000001000565c       0x14 CMakeFiles/cap_template.dir/Users/raeezjaldin/Pico/pico-sdk/src/rp2_common/pico_stdio_usb/stdio_usb.c.o
                0x000000001000565c                stdio_usb_set_chars_available_callback
 .text.usb_irq  0x0000000010005670       0x10 CMakeFiles/cap_template.dir/Users/raeezjaldin/Pico/pico-sdk/src/rp2_common/pico_stdio_usb/stdio_usb.c.o
 .text.timer_task
                0x0000000010005680       0x64 CMakeFiles/cap_template.dir/Users/raeezjaldin/Pico/pico-sdk/src/rp2_common/pico_stdio_usb/stdio_usb.c.o
 .text.stdio_usb_in_chars
                0x00000000100056e4       0x8c CMakeFiles/cap_template.dir/Users/raeezjaldin/Pico/pico-sdk/src/rp2_common/pico_stdio_usb/stdio_usb.c.o
                0x00000000100056e4                stdio_usb_in_chars
 .text.stdio_usb_out_flush
                0x0000000010005770       0x4c CMakeFiles/cap_template.dir/Users/raeezjaldin/Pico/pico-sdk/src/rp2_common/pico_stdio_usb/stdio_usb.c.o
 .text.stdio_usb_out_chars
                0x00000000100057bc      0x104 CMakeFiles/cap_template.dir/Users/raeezjaldin/Pico/pico-sdk/src/rp2_common/pico_stdio_usb/stdio_usb.c.o
 .text.low_priority_worker_irq
                0x00000000100058c0       0xc8 CMakeFiles/cap_template.dir/Users/raeezjaldin/Pico/pico-sdk/src/rp2_common/pico_stdio_usb/stdio_usb.c.o
 .text.stdio_usb_init
                0x0000000010005988       0xe4 CMakeFiles/cap_template.dir/Users/raeezjaldin/Pico/pico-sdk/src/rp2_common/pico_stdio_usb/stdio_usb.c.o
                0x0000000010005988                stdio_usb_init
 .text.stdio_usb_connected
                0x0000000010005a6c        0xc CMakeFiles/cap_template.dir/Users/raeezjaldin/Pico/pico-sdk/src/rp2_common/pico_stdio_usb/stdio_usb.c.o
                0x0000000010005a6c                stdio_usb_connected
 .text.tud_descriptor_device_cb
                0x0000000010005a78        0x8 CMakeFiles/cap_template.dir/Users/raeezjaldin/Pico/pico-sdk/src/rp2_common/pico_stdio_usb/stdio_usb_descriptors.c.o
                0x0000000010005a78                tud_descriptor_device_cb
 .text.tud_descriptor_configuration_cb
                0x0000000010005a80        0x8 CMakeFiles/cap_template.dir/Users/raeezjaldin/Pico/pico-sdk/src/rp2_common/pico_stdio_usb/stdio_usb_descriptors.c.o
                0x0000000010005a80                tud_descriptor_configuration_cb
 .text.tud_descriptor_string_cb
                0x0000000010005a88       0x70 CMakeFiles/cap_template.dir/Users/raeezjaldin/Pico/pico-sdk/src/rp2_common/pico_stdio_usb/stdio_usb_descriptors.c.o
                0x0000000010005a88                tud_descriptor_string_cb
 .text.startup._retrieve_unique_id_on_boot
                0x0000000010005af8       0x10 CMakeFiles/cap_template.dir/Users/raeezjaldin/Pico/pico-sdk/src/rp2_common/pico_unique_id/unique_id.c.o
 .text.pico_get_unique_board_id_string
                0x0000000010005b08      0x1cc CMakeFiles/cap_template.dir/Users/raeezjaldin/Pico/pico-sdk/src/rp2_common/pico_unique_id/unique_id.c.o
                0x0000000010005b08                pico_get_unique_board_id_string
 .text.flash_get_unique_id
                0x0000000010005cd4       0x3c CMakeFiles/cap_template.dir/Users/raeezjaldin/Pico/pico-sdk/src/rp2_common/hardware_flash/flash.c.o
                0x0000000010005cd4                flash_get_unique_id
 .text.dcd_init
                0x0000000010005d10       0x90 CMakeFiles/cap_template.dir/Users/raeezjaldin/Pico/pico-sdk/lib/tinyusb/src/portable/raspberrypi/rp2040/dcd_rp2040.c.o
                0x0000000010005d10                dcd_init
 .text.dcd_int_enable
                0x0000000010005da0        0xc CMakeFiles/cap_template.dir/Users/raeezjaldin/Pico/pico-sdk/lib/tinyusb/src/portable/raspberrypi/rp2040/dcd_rp2040.c.o
                0x0000000010005da0                dcd_int_enable
 .text.dcd_set_address
                0x0000000010005dac       0x14 CMakeFiles/cap_template.dir/Users/raeezjaldin/Pico/pico-sdk/lib/tinyusb/src/portable/raspberrypi/rp2040/dcd_rp2040.c.o
                0x0000000010005dac                dcd_set_address
 .text.dcd_sof_enable
                0x0000000010005dc0       0x1c CMakeFiles/cap_template.dir/Users/raeezjaldin/Pico/pico-sdk/lib/tinyusb/src/portable/raspberrypi/rp2040/dcd_rp2040.c.o
                0x0000000010005dc0                dcd_sof_enable
 .text.dcd_edpt0_status_complete
                0x0000000010005ddc       0x1c CMakeFiles/cap_template.dir/Users/raeezjaldin/Pico/pico-sdk/lib/tinyusb/src/portable/raspberrypi/rp2040/dcd_rp2040.c.o
                0x0000000010005ddc                dcd_edpt0_status_complete
 .text.dcd_edpt_open
                0x0000000010005df8       0xfc CMakeFiles/cap_template.dir/Users/raeezjaldin/Pico/pico-sdk/lib/tinyusb/src/portable/raspberrypi/rp2040/dcd_rp2040.c.o
                0x0000000010005df8                dcd_edpt_open
 .text.dcd_edpt_close_all
                0x0000000010005ef4        0x8 CMakeFiles/cap_template.dir/Users/raeezjaldin/Pico/pico-sdk/lib/tinyusb/src/portable/raspberrypi/rp2040/dcd_rp2040.c.o
                0x0000000010005ef4                dcd_edpt_close_all
 .text.dcd_edpt_xfer
                0x0000000010005efc       0x24 CMakeFiles/cap_template.dir/Users/raeezjaldin/Pico/pico-sdk/lib/tinyusb/src/portable/raspberrypi/rp2040/dcd_rp2040.c.o
                0x0000000010005efc                dcd_edpt_xfer
 .text.dcd_edpt_stall
                0x0000000010005f20       0x34 CMakeFiles/cap_template.dir/Users/raeezjaldin/Pico/pico-sdk/lib/tinyusb/src/portable/raspberrypi/rp2040/dcd_rp2040.c.o
                0x0000000010005f20                dcd_edpt_stall
 .text.dcd_edpt_clear_stall
                0x0000000010005f54       0x2c CMakeFiles/cap_template.dir/Users/raeezjaldin/Pico/pico-sdk/lib/tinyusb/src/portable/raspberrypi/rp2040/dcd_rp2040.c.o
                0x0000000010005f54                dcd_edpt_clear_stall
 .text.rp2040_usb_init
                0x0000000010005f80       0x40 CMakeFiles/cap_template.dir/Users/raeezjaldin/Pico/pico-sdk/lib/tinyusb/src/portable/raspberrypi/rp2040/rp2040_usb.c.o
                0x0000000010005f80                rp2040_usb_init
 .text.hw_endpoint_xfer_start
                0x0000000010005fc0       0x54 CMakeFiles/cap_template.dir/Users/raeezjaldin/Pico/pico-sdk/lib/tinyusb/src/portable/raspberrypi/rp2040/rp2040_usb.c.o
                0x0000000010005fc0                hw_endpoint_xfer_start
 .text.tud_event_hook_cb
                0x0000000010006014        0x4 CMakeFiles/cap_template.dir/Users/raeezjaldin/Pico/pico-sdk/lib/tinyusb/src/device/usbd.c.o
                0x0000000010006014                tud_event_hook_cb
 .text.tud_sof_cb
                0x0000000010006018        0x4 CMakeFiles/cap_template.dir/Users/raeezjaldin/Pico/pico-sdk/lib/tinyusb/src/device/usbd.c.o
                0x0000000010006018                tud_sof_cb
 .text.tud_descriptor_device_qualifier_cb
                0x000000001000601c        0x4 CMakeFiles/cap_template.dir/Users/raeezjaldin/Pico/pico-sdk/lib/tinyusb/src/device/usbd.c.o
                0x000000001000601c                tud_descriptor_device_qualifier_cb
 .text.tud_descriptor_other_speed_configuration_cb
                0x0000000010006020        0x4 CMakeFiles/cap_template.dir/Users/raeezjaldin/Pico/pico-sdk/lib/tinyusb/src/device/usbd.c.o
                0x0000000010006020                tud_descriptor_other_speed_configuration_cb
 .text.tud_mount_cb
                0x0000000010006024        0x4 CMakeFiles/cap_template.dir/Users/raeezjaldin/Pico/pico-sdk/lib/tinyusb/src/device/usbd.c.o
                0x0000000010006024                tud_mount_cb
 .text.tud_umount_cb
                0x0000000010006028        0x4 CMakeFiles/cap_template.dir/Users/raeezjaldin/Pico/pico-sdk/lib/tinyusb/src/device/usbd.c.o
                0x0000000010006028                tud_umount_cb
 .text.tud_suspend_cb
                0x000000001000602c        0x4 CMakeFiles/cap_template.dir/Users/raeezjaldin/Pico/pico-sdk/lib/tinyusb/src/device/usbd.c.o
                0x000000001000602c                tud_suspend_cb
 .text.tud_resume_cb
                0x0000000010006030        0x4 CMakeFiles/cap_template.dir/Users/raeezjaldin/Pico/pico-sdk/lib/tinyusb/src/device/usbd.c.o
                0x0000000010006030                tud_resume_cb
 .text.tud_mounted
                0x0000000010006034       0x10 CMakeFiles/cap_template.dir/Users/raeezjaldin/Pico/pico-sdk/lib/tinyusb/src/device/usbd.c.o
                0x0000000010006034                tud_mounted
 .text.tud_suspended
                0x0000000010006044       0x10 CMakeFiles/cap_template.dir/Users/raeezjaldin/Pico/pico-sdk/lib/tinyusb/src/device/usbd.c.o
                0x0000000010006044                tud_suspended
 .text.tud_rhport_init
                0x0000000010006054       0xf4 CMakeFiles/cap_template.dir/Users/raeezjaldin/Pico/pico-sdk/lib/tinyusb/src/device/usbd.c.o
                0x0000000010006054                tud_rhport_init
 .text.tud_task_ext
                0x0000000010006148      0x814 CMakeFiles/cap_template.dir/Users/raeezjaldin/Pico/pico-sdk/lib/tinyusb/src/device/usbd.c.o
                0x0000000010006148                tud_task_ext
 .text.usbd_open_edpt_pair
                0x000000001000695c       0xbc CMakeFiles/cap_template.dir/Users/raeezjaldin/Pico/pico-sdk/lib/tinyusb/src/device/usbd.c.o
                0x000000001000695c                usbd_open_edpt_pair
 .text.usbd_edpt_open
                0x0000000010006a18       0x38 CMakeFiles/cap_template.dir/Users/raeezjaldin/Pico/pico-sdk/lib/tinyusb/src/device/usbd.c.o
                0x0000000010006a18                usbd_edpt_open
 .text.usbd_edpt_claim
                0x0000000010006a50       0x28 CMakeFiles/cap_template.dir/Users/raeezjaldin/Pico/pico-sdk/lib/tinyusb/src/device/usbd.c.o
                0x0000000010006a50                usbd_edpt_claim
 .text.usbd_edpt_release
                0x0000000010006a78       0x28 CMakeFiles/cap_template.dir/Users/raeezjaldin/Pico/pico-sdk/lib/tinyusb/src/device/usbd.c.o
                0x0000000010006a78                usbd_edpt_release
 .text.usbd_edpt_xfer
                0x0000000010006aa0       0x4c CMakeFiles/cap_template.dir/Users/raeezjaldin/Pico/pico-sdk/lib/tinyusb/src/device/usbd.c.o
                0x0000000010006aa0                usbd_edpt_xfer
 .text.tud_control_status
                0x0000000010006aec       0x30 CMakeFiles/cap_template.dir/Users/raeezjaldin/Pico/pico-sdk/lib/tinyusb/src/device/usbd_control.c.o
                0x0000000010006aec                tud_control_status
 .text.tud_control_xfer
                0x0000000010006b1c       0xb4 CMakeFiles/cap_template.dir/Users/raeezjaldin/Pico/pico-sdk/lib/tinyusb/src/device/usbd_control.c.o
                0x0000000010006b1c                tud_control_xfer
 .text.usbd_control_reset
                0x0000000010006bd0       0x14 CMakeFiles/cap_template.dir/Users/raeezjaldin/Pico/pico-sdk/lib/tinyusb/src/device/usbd_control.c.o
                0x0000000010006bd0                usbd_control_reset
 .text.usbd_control_set_complete_callback
                0x0000000010006be4        0xc CMakeFiles/cap_template.dir/Users/raeezjaldin/Pico/pico-sdk/lib/tinyusb/src/device/usbd_control.c.o
                0x0000000010006be4                usbd_control_set_complete_callback
 .text.usbd_control_set_request
                0x0000000010006bf0       0x1c CMakeFiles/cap_template.dir/Users/raeezjaldin/Pico/pico-sdk/lib/tinyusb/src/device/usbd_control.c.o
                0x0000000010006bf0                usbd_control_set_request
 .text.usbd_control_xfer_cb
                0x0000000010006c0c       0xf4 CMakeFiles/cap_template.dir/Users/raeezjaldin/Pico/pico-sdk/lib/tinyusb/src/device/usbd_control.c.o
                0x0000000010006c0c                usbd_control_xfer_cb
 .text.tud_cdc_n_connected
                0x0000000010006d00       0x2c CMakeFiles/cap_template.dir/Users/raeezjaldin/Pico/pico-sdk/lib/tinyusb/src/class/cdc/cdc_device.c.o
                0x0000000010006d00                tud_cdc_n_connected
 .text.tud_cdc_n_available
                0x0000000010006d2c       0x18 CMakeFiles/cap_template.dir/Users/raeezjaldin/Pico/pico-sdk/lib/tinyusb/src/class/cdc/cdc_device.c.o
                0x0000000010006d2c                tud_cdc_n_available
 .text.tud_cdc_n_read
                0x0000000010006d44       0x94 CMakeFiles/cap_template.dir/Users/raeezjaldin/Pico/pico-sdk/lib/tinyusb/src/class/cdc/cdc_device.c.o
                0x0000000010006d44                tud_cdc_n_read
 .text.tud_cdc_n_write
                0x0000000010006dd8       0x98 CMakeFiles/cap_template.dir/Users/raeezjaldin/Pico/pico-sdk/lib/tinyusb/src/class/cdc/cdc_device.c.o
                0x0000000010006dd8                tud_cdc_n_write
 .text.tud_cdc_n_write_flush
                0x0000000010006e70       0x78 CMakeFiles/cap_template.dir/Users/raeezjaldin/Pico/pico-sdk/lib/tinyusb/src/class/cdc/cdc_device.c.o
                0x0000000010006e70                tud_cdc_n_write_flush
 .text.tud_cdc_n_write_available
                0x0000000010006ee8       0x18 CMakeFiles/cap_template.dir/Users/raeezjaldin/Pico/pico-sdk/lib/tinyusb/src/class/cdc/cdc_device.c.o
                0x0000000010006ee8                tud_cdc_n_write_available
 .text.cdcd_init
                0x0000000010006f00       0x70 CMakeFiles/cap_template.dir/Users/raeezjaldin/Pico/pico-sdk/lib/tinyusb/src/class/cdc/cdc_device.c.o
                0x0000000010006f00                cdcd_init
 .text.cdcd_deinit
                0x0000000010006f70       0x24 CMakeFiles/cap_template.dir/Users/raeezjaldin/Pico/pico-sdk/lib/tinyusb/src/class/cdc/cdc_device.c.o
                0x0000000010006f70                cdcd_deinit
 .text.cdcd_reset
                0x0000000010006f94       0x4c CMakeFiles/cap_template.dir/Users/raeezjaldin/Pico/pico-sdk/lib/tinyusb/src/class/cdc/cdc_device.c.o
                0x0000000010006f94                cdcd_reset
 .text.cdcd_open
                0x0000000010006fe0       0xfc CMakeFiles/cap_template.dir/Users/raeezjaldin/Pico/pico-sdk/lib/tinyusb/src/class/cdc/cdc_device.c.o
                0x0000000010006fe0                cdcd_open
 .text.cdcd_control_xfer_cb
                0x00000000100070dc       0xe4 CMakeFiles/cap_template.dir/Users/raeezjaldin/Pico/pico-sdk/lib/tinyusb/src/class/cdc/cdc_device.c.o
                0x00000000100070dc                cdcd_control_xfer_cb
 .text.cdcd_xfer_cb
                0x00000000100071c0      0x1ac CMakeFiles/cap_template.dir/Users/raeezjaldin/Pico/pico-sdk/lib/tinyusb/src/class/cdc/cdc_device.c.o
                0x00000000100071c0                cdcd_xfer_cb
 .text.vendord_init
                0x000000001000736c       0x5c CMakeFiles/cap_template.dir/Users/raeezjaldin/Pico/pico-sdk/lib/tinyusb/src/class/vendor/vendor_device.c.o
                0x000000001000736c                vendord_init
 .text.vendord_deinit
                0x00000000100073c8       0x1c CMakeFiles/cap_template.dir/Users/raeezjaldin/Pico/pico-sdk/lib/tinyusb/src/class/vendor/vendor_device.c.o
                0x00000000100073c8                vendord_deinit
 .text.vendord_reset
                0x00000000100073e4       0x28 CMakeFiles/cap_template.dir/Users/raeezjaldin/Pico/pico-sdk/lib/tinyusb/src/class/vendor/vendor_device.c.o
                0x00000000100073e4                vendord_reset
 .text.vendord_open
                0x000000001000740c      0x124 CMakeFiles/cap_template.dir/Users/raeezjaldin/Pico/pico-sdk/lib/tinyusb/src/class/vendor/vendor_device.c.o
                0x000000001000740c                vendord_open
 .text.vendord_xfer_cb
                0x0000000010007530       0x9c CMakeFiles/cap_template.dir/Users/raeezjaldin/Pico/pico-sdk/lib/tinyusb/src/class/vendor/vendor_device.c.o
                0x0000000010007530                vendord_xfer_cb
 .text.tusb_rhport_init
                0x00000000100075cc       0x4c CMakeFiles/cap_template.dir/Users/raeezjaldin/Pico/pico-sdk/lib/tinyusb/src/tusb.c.o
                0x00000000100075cc                tusb_rhport_init
 .text.tu_edpt_claim
                0x0000000010007618       0x40 CMakeFiles/cap_template.dir/Users/raeezjaldin/Pico/pico-sdk/lib/tinyusb/src/tusb.c.o
                0x0000000010007618                tu_edpt_claim
 .text.tu_edpt_release
                0x0000000010007658       0x34 CMakeFiles/cap_template.dir/Users/raeezjaldin/Pico/pico-sdk/lib/tinyusb/src/tusb.c.o
                0x0000000010007658                tu_edpt_release
 .text.tu_edpt_validate
                0x000000001000768c       0x74 CMakeFiles/cap_template.dir/Users/raeezjaldin/Pico/pico-sdk/lib/tinyusb/src/tusb.c.o
                0x000000001000768c                tu_edpt_validate
 .text.tu_edpt_bind_driver
                0x0000000010007700       0x34 CMakeFiles/cap_template.dir/Users/raeezjaldin/Pico/pico-sdk/lib/tinyusb/src/tusb.c.o
                0x0000000010007700                tu_edpt_bind_driver
 .text.tu_edpt_stream_init
                0x0000000010007734       0x70 CMakeFiles/cap_template.dir/Users/raeezjaldin/Pico/pico-sdk/lib/tinyusb/src/tusb.c.o
                0x0000000010007734                tu_edpt_stream_init
 .text.tu_edpt_stream_deinit
                0x00000000100077a4        0x4 CMakeFiles/cap_template.dir/Users/raeezjaldin/Pico/pico-sdk/lib/tinyusb/src/tusb.c.o
                0x00000000100077a4                tu_edpt_stream_deinit
 .text.tu_edpt_stream_write_zlp_if_needed
                0x00000000100077a8       0x68 CMakeFiles/cap_template.dir/Users/raeezjaldin/Pico/pico-sdk/lib/tinyusb/src/tusb.c.o
                0x00000000100077a8                tu_edpt_stream_write_zlp_if_needed
 .text.tu_edpt_stream_write_xfer
                0x0000000010007810       0x64 CMakeFiles/cap_template.dir/Users/raeezjaldin/Pico/pico-sdk/lib/tinyusb/src/tusb.c.o
                0x0000000010007810                tu_edpt_stream_write_xfer
 .text.tu_edpt_stream_read_xfer
                0x0000000010007874       0xd8 CMakeFiles/cap_template.dir/Users/raeezjaldin/Pico/pico-sdk/lib/tinyusb/src/tusb.c.o
                0x0000000010007874                tu_edpt_stream_read_xfer
 .text.tu_fifo_config
                0x000000001000794c       0x80 CMakeFiles/cap_template.dir/Users/raeezjaldin/Pico/pico-sdk/lib/tinyusb/src/common/tusb_fifo.c.o
                0x000000001000794c                tu_fifo_config
 .text.tu_fifo_count
                0x00000000100079cc       0x28 CMakeFiles/cap_template.dir/Users/raeezjaldin/Pico/pico-sdk/lib/tinyusb/src/common/tusb_fifo.c.o
                0x00000000100079cc                tu_fifo_count
 .text.tu_fifo_empty
                0x00000000100079f4       0x10 CMakeFiles/cap_template.dir/Users/raeezjaldin/Pico/pico-sdk/lib/tinyusb/src/common/tusb_fifo.c.o
                0x00000000100079f4                tu_fifo_empty
 .text.tu_fifo_remaining
                0x0000000010007a04       0x28 CMakeFiles/cap_template.dir/Users/raeezjaldin/Pico/pico-sdk/lib/tinyusb/src/common/tusb_fifo.c.o
                0x0000000010007a04                tu_fifo_remaining
 .text.tu_fifo_read
                0x0000000010007a2c       0xa0 CMakeFiles/cap_template.dir/Users/raeezjaldin/Pico/pico-sdk/lib/tinyusb/src/common/tusb_fifo.c.o
                0x0000000010007a2c                tu_fifo_read
 .text.tu_fifo_read_n
                0x0000000010007acc       0xf0 CMakeFiles/cap_template.dir/Users/raeezjaldin/Pico/pico-sdk/lib/tinyusb/src/common/tusb_fifo.c.o
                0x0000000010007acc                tu_fifo_read_n
 .text.tu_fifo_write
                0x0000000010007bbc       0x8c CMakeFiles/cap_template.dir/Users/raeezjaldin/Pico/pico-sdk/lib/tinyusb/src/common/tusb_fifo.c.o
                0x0000000010007bbc                tu_fifo_write
 .text.tu_fifo_write_n
                0x0000000010007c48      0x130 CMakeFiles/cap_template.dir/Users/raeezjaldin/Pico/pico-sdk/lib/tinyusb/src/common/tusb_fifo.c.o
                0x0000000010007c48                tu_fifo_write_n
 .text.tu_fifo_clear
                0x0000000010007d78       0x40 CMakeFiles/cap_template.dir/Users/raeezjaldin/Pico/pico-sdk/lib/tinyusb/src/common/tusb_fifo.c.o
                0x0000000010007d78                tu_fifo_clear
 .text.tu_fifo_set_overwritable
                0x0000000010007db8       0x48 CMakeFiles/cap_template.dir/Users/raeezjaldin/Pico/pico-sdk/lib/tinyusb/src/common/tusb_fifo.c.o
                0x0000000010007db8                tu_fifo_set_overwritable
 .text          0x0000000010007e00       0x88 /Users/raeezjaldin/Library/Arduino15/packages/arduino/tools/arm-none-eabi-gcc/7-2017q4/bin/../lib/gcc/arm-none-eabi/7.2.1/../../../../arm-none-eabi/lib/thumb/v6-m/libg.a(lib_a-strcmp.o)
                0x0000000010007e00                strcmp
 .text.strlen   0x0000000010007e88       0x64 /Users/raeezjaldin/Library/Arduino15/packages/arduino/tools/arm-none-eabi-gcc/7-2017q4/bin/../lib/gcc/arm-none-eabi/7.2.1/../../../../arm-none-eabi/lib/thumb/v6-m/libg.a(lib_a-strlen-stub.o)
                0x0000000010007e88                strlen
 .text.strtok   0x0000000010007eec       0x14 /Users/raeezjaldin/Library/Arduino15/packages/arduino/tools/arm-none-eabi-gcc/7-2017q4/bin/../lib/gcc/arm-none-eabi/7.2.1/../../../../arm-none-eabi/lib/thumb/v6-m/libg.a(lib_a-strtok.o)
                0x0000000010007eec                strtok
 .text.__strtok_r
                0x0000000010007f00       0x64 /Users/raeezjaldin/Library/Arduino15/packages/arduino/tools/arm-none-eabi-gcc/7-2017q4/bin/../lib/gcc/arm-none-eabi/7.2.1/../../../../arm-none-eabi/lib/thumb/v6-m/libg.a(lib_a-strtok_r.o)
                0x0000000010007f00                __strtok_r
 .text._strtol_l.isra.0
                0x0000000010007f64      0x13c /Users/raeezjaldin/Library/Arduino15/packages/arduino/tools/arm-none-eabi-gcc/7-2017q4/bin/../lib/gcc/arm-none-eabi/7.2.1/../../../../arm-none-eabi/lib/thumb/v6-m/libg.a(lib_a-strtol.o)
 .text.strtol   0x00000000100080a0       0x2c /Users/raeezjaldin/Library/Arduino15/packages/arduino/tools/arm-none-eabi-gcc/7-2017q4/bin/../lib/gcc/arm-none-eabi/7.2.1/../../../../arm-none-eabi/lib/thumb/v6-m/libg.a(lib_a-strtol.o)
                0x00000000100080a0                strtol
 .text.__locale_ctype_ptr_l
                0x00000000100080cc        0x8 /Users/raeezjaldin/Library/Arduino15/packages/arduino/tools/arm-none-eabi-gcc/7-2017q4/bin/../lib/gcc/arm-none-eabi/7.2.1/../../../../arm-none-eabi/lib/thumb/v6-m/libg.a(lib_a-locale.o)
                0x00000000100080cc                __locale_ctype_ptr_l
 .text.__ascii_mbtowc
                0x00000000100080d4       0x2c /Users/raeezjaldin/Library/Arduino15/packages/arduino/tools/arm-none-eabi-gcc/7-2017q4/bin/../lib/gcc/arm-none-eabi/7.2.1/../../../../arm-none-eabi/lib/thumb/v6-m/libg.a(lib_a-mbtowc_r.o)
                0x00000000100080d4                __ascii_mbtowc
 .text.__ascii_wctomb
                0x0000000010008100       0x1c /Users/raeezjaldin/Library/Arduino15/packages/arduino/tools/arm-none-eabi-gcc/7-2017q4/bin/../lib/gcc/arm-none-eabi/7.2.1/../../../../arm-none-eabi/lib/thumb/v6-m/libg.a(lib_a-wctomb_r.o)
                0x0000000010008100                __ascii_wctomb
 *(.fini)
 .fini          0x000000001000811c        0x4 /Users/raeezjaldin/Library/Arduino15/packages/arduino/tools/arm-none-eabi-gcc/7-2017q4/bin/../lib/gcc/arm-none-eabi/7.2.1/thumb/v6-m/crti.o
                0x000000001000811c                _fini
 .fini.__stub   0x0000000010008120       0xf0 linker stubs
 *crtbegin.o(.ctors)
 *crtbegin?.o(.ctors)
 *(EXCLUDE_FILE(*crtend.o *crtend?.o) .ctors)
 *(SORT_BY_NAME(.ctors.*))
 *(.ctors)
 *crtbegin.o(.dtors)
 *crtbegin?.o(.dtors)
 *(EXCLUDE_FILE(*crtend.o *crtend?.o) .dtors)
 *(SORT_BY_NAME(.dtors.*))
 *(.dtors)
                0x0000000010008210                . = ALIGN (0x4)
                0x0000000010008210                PROVIDE (__preinit_array_start, .)
 *(SORT_BY_NAME(.preinit_array.*))
 .preinit_array.00100
                0x0000000010008210        0x4 CMakeFiles/cap_template.dir/Users/raeezjaldin/Pico/pico-sdk/src/rp2_common/pico_runtime_init/runtime_init.c.o
                0x0000000010008210                __pre_init_runtime_init_early_resets
 .preinit_array.00101
                0x0000000010008214        0x4 CMakeFiles/cap_template.dir/Users/raeezjaldin/Pico/pico-sdk/src/rp2_common/pico_runtime_init/runtime_init.c.o
                0x0000000010008214                __pre_init_runtime_init_usb_power_down
 .preinit_array.00275
                0x0000000010008218        0x4 CMakeFiles/cap_template.dir/Users/raeezjaldin/Pico/pico-sdk/src/rp2_common/pico_bit_ops/bit_ops_aeabi.S.o
 .preinit_array.00300
                0x000000001000821c        0x4 CMakeFiles/cap_template.dir/Users/raeezjaldin/Pico/pico-sdk/src/rp2_common/pico_mem_ops/mem_ops_aeabi.S.o
 .preinit_array.00350
                0x0000000010008220        0x4 CMakeFiles/cap_template.dir/Users/raeezjaldin/Pico/pico-sdk/src/rp2_common/pico_double/double_aeabi_rp2040.S.o
 .preinit_array.00350
                0x0000000010008224        0x4 CMakeFiles/cap_template.dir/Users/raeezjaldin/Pico/pico-sdk/src/rp2_common/pico_float/float_aeabi_rp2040.S.o
 .preinit_array.00500
                0x0000000010008228        0x4 CMakeFiles/cap_template.dir/Users/raeezjaldin/Pico/pico-sdk/src/rp2_common/pico_runtime_init/runtime_init.c.o
                0x0000000010008228                __pre_init_runtime_init_clocks
 .preinit_array.00600
                0x000000001000822c        0x4 CMakeFiles/cap_template.dir/Users/raeezjaldin/Pico/pico-sdk/src/rp2_common/pico_runtime_init/runtime_init.c.o
                0x000000001000822c                __pre_init_runtime_init_post_clock_resets
 .preinit_array.00700
                0x0000000010008230        0x4 CMakeFiles/cap_template.dir/Users/raeezjaldin/Pico/pico-sdk/src/rp2_common/pico_runtime_init/runtime_init.c.o
                0x0000000010008230                __pre_init_runtime_init_rp2040_gpio_ie_disable
 .preinit_array.01000
                0x0000000010008234        0x4 CMakeFiles/cap_template.dir/Users/raeezjaldin/Pico/pico-sdk/src/rp2_common/pico_runtime_init/runtime_init.c.o
                0x0000000010008234                __pre_init_runtime_init_spin_locks_reset
 .preinit_array.01100
                0x0000000010008238        0x4 CMakeFiles/cap_template.dir/Users/raeezjaldin/Pico/pico-sdk/src/common/pico_sync/mutex.c.o
                0x0000000010008238                __pre_init_runtime_init_mutex
 .preinit_array.10080
                0x000000001000823c        0x4 CMakeFiles/cap_template.dir/Users/raeezjaldin/Pico/pico-sdk/src/rp2_common/pico_runtime_init/runtime_init.c.o
                0x000000001000823c                __pre_init_runtime_init_install_ram_vector_table
 .preinit_array.11000
                0x0000000010008240        0x4 CMakeFiles/cap_template.dir/Users/raeezjaldin/Pico/pico-sdk/src/common/pico_time/time.c.o
                0x0000000010008240                __pre_init_runtime_init_default_alarm_pool
 .preinit_array.YYYYY
                0x0000000010008244        0x4 CMakeFiles/cap_template.dir/Users/raeezjaldin/Pico/pico-sdk/src/rp2_common/pico_runtime/runtime.c.o
                0x0000000010008244                __pre_init_first_per_core_initializer
 .preinit_array.ZZZZZ.01200
                0x0000000010008248        0x4 CMakeFiles/cap_template.dir/Users/raeezjaldin/Pico/pico-sdk/src/rp2_common/hardware_irq/irq.c.o
                0x0000000010008248                __pre_init_runtime_init_per_core_irq_priorities
 *(.preinit_array)
                0x000000001000824c                PROVIDE (__preinit_array_end, .)
                0x000000001000824c                . = ALIGN (0x4)
                0x000000001000824c                PROVIDE (__init_array_start, .)
 *(SORT_BY_NAME(.init_array.*))
 .init_array.01000
                0x000000001000824c        0x4 CMakeFiles/cap_template.dir/Users/raeezjaldin/Pico/pico-sdk/src/rp2_common/pico_unique_id/unique_id.c.o
 *(.init_array)
 .init_array    0x0000000010008250        0x4 /Users/raeezjaldin/Library/Arduino15/packages/arduino/tools/arm-none-eabi-gcc/7-2017q4/bin/../lib/gcc/arm-none-eabi/7.2.1/thumb/v6-m/crtbegin.o
                0x0000000010008254                PROVIDE (__init_array_end, .)
                0x0000000010008254                . = ALIGN (0x4)
                [!provide]                        PROVIDE (__fini_array_start, .)
 *(SORT_BY_NAME(.fini_array.*))
 *(.fini_array)
                [!provide]                        PROVIDE (__fini_array_end, .)
 *(.eh_frame*)
 .eh_frame      0x0000000010008254        0x0 /Users/raeezjaldin/Library/Arduino15/packages/arduino/tools/arm-none-eabi-gcc/7-2017q4/bin/../lib/gcc/arm-none-eabi/7.2.1/thumb/v6-m/crtbegin.o
                0x0000000010008254                . = ALIGN (0x4)

.glue_7         0x0000000010008254        0x0
 .glue_7        0x0000000010008254        0x0 linker stubs

.glue_7t        0x0000000010008254        0x0
 .glue_7t       0x0000000010008254        0x0 linker stubs

.vfp11_veneer   0x0000000010008254        0x0
 .vfp11_veneer  0x0000000010008254        0x0 linker stubs

.v4_bx          0x0000000010008254        0x0
 .v4_bx         0x0000000010008254        0x0 linker stubs

.iplt           0x0000000010008254        0x0
 .iplt          0x0000000010008254        0x0 /Users/raeezjaldin/Library/Arduino15/packages/arduino/tools/arm-none-eabi-gcc/7-2017q4/bin/../lib/gcc/arm-none-eabi/7.2.1/thumb/v6-m/crtbegin.o

.rodata         0x0000000010008258      0xb98
 *(EXCLUDE_FILE(*libm.a: *libc.a:*lib_a-mem*.o *libgcc.a:) .rodata*)
 .rodata.main.str1.4
                0x0000000010008258       0x11 CMakeFiles/cap_template.dir/main.c.o
 *fill*         0x0000000010008269        0x3 
 .rodata.custom_fgets.str1.4
                0x000000001000826c        0x4 CMakeFiles/cap_template.dir/custom_fgets.c.o
 .rodata.flash_erase_safe.str1.4
                0x0000000010008270       0x41 CMakeFiles/cap_template.dir/flash_ops.c.o
 *fill*         0x00000000100082b1        0x3 
 .rodata.flash_read_safe.str1.4
                0x00000000100082b4       0x29 CMakeFiles/cap_template.dir/flash_ops.c.o
 *fill*         0x00000000100082dd        0x3 
 .rodata.flash_write_safe.str1.4
                0x00000000100082e0       0xc3 CMakeFiles/cap_template.dir/flash_ops.c.o
 *fill*         0x00000000100083a3        0x1 
 .rodata.execute_command.str1.4
                0x00000000100083a4      0x2d9 CMakeFiles/cap_template.dir/cli.c.o
                                        0x301 (size before relaxing)
 *fill*         0x000000001000867d        0x3 
 .rodata.panic.str1.4
                0x0000000010008680       0x10 CMakeFiles/cap_template.dir/Users/raeezjaldin/Pico/pico-sdk/src/rp2_common/pico_platform_panic/panic.c.o
                                         0x12 (size before relaxing)
 .rodata.spin_lock_claim_unused.str1.4
                0x0000000010008690       0x1b CMakeFiles/cap_template.dir/Users/raeezjaldin/Pico/pico-sdk/src/rp2_common/hardware_sync/sync.c.o
 *fill*         0x00000000100086ab        0x1 
 .rodata.user_irq_claim_unused.str1.4
                0x00000000100086ac       0x1b CMakeFiles/cap_template.dir/Users/raeezjaldin/Pico/pico-sdk/src/rp2_common/hardware_irq/irq.c.o
 *fill*         0x00000000100086c7        0x1 
 .rodata.at_the_end_of_time
                0x00000000100086c8        0x8 CMakeFiles/cap_template.dir/Users/raeezjaldin/Pico/pico-sdk/src/common/pico_time/time.c.o
                0x00000000100086c8                at_the_end_of_time
 .rodata.timer_hardware_alarm_claim.str1.4
                0x00000000100086d0       0x22 CMakeFiles/cap_template.dir/Users/raeezjaldin/Pico/pico-sdk/src/rp2_common/hardware_timer/timer.c.o
 *fill*         0x00000000100086f2        0x2 
 .rodata.hard_assertion_failure.str1.4
                0x00000000100086f4        0xc CMakeFiles/cap_template.dir/Users/raeezjaldin/Pico/pico-sdk/src/rp2_common/pico_runtime/runtime.c.o
 .rodata.__bi_26
                0x0000000010008700        0xc CMakeFiles/cap_template.dir/Users/raeezjaldin/Pico/pico-sdk/src/rp2_common/pico_standard_binary_info/standard_binary_info.c.o
 .rodata.__bi_34
                0x000000001000870c        0xc CMakeFiles/cap_template.dir/Users/raeezjaldin/Pico/pico-sdk/src/rp2_common/pico_standard_binary_info/standard_binary_info.c.o
 .rodata.__bi_42
                0x0000000010008718        0xc CMakeFiles/cap_template.dir/Users/raeezjaldin/Pico/pico-sdk/src/rp2_common/pico_standard_binary_info/standard_binary_info.c.o
 .rodata.__bi_48
                0x0000000010008724        0xc CMakeFiles/cap_template.dir/Users/raeezjaldin/Pico/pico-sdk/src/rp2_common/pico_standard_binary_info/standard_binary_info.c.o
 .rodata.__bi_54
                0x0000000010008730        0xc CMakeFiles/cap_template.dir/Users/raeezjaldin/Pico/pico-sdk/src/rp2_common/pico_standard_binary_info/standard_binary_info.c.o
 .rodata.__bi_78
                0x000000001000873c        0xc CMakeFiles/cap_template.dir/Users/raeezjaldin/Pico/pico-sdk/src/rp2_common/pico_standard_binary_info/standard_binary_info.c.o
 .rodata.__bi_84
                0x0000000010008748        0xc CMakeFiles/cap_template.dir/Users/raeezjaldin/Pico/pico-sdk/src/rp2_common/pico_standard_binary_info/standard_binary_info.c.o
 .rodata.str1.4
                0x0000000010008754       0x44 CMakeFiles/cap_template.dir/Users/raeezjaldin/Pico/pico-sdk/src/rp2_common/pico_standard_binary_info/standard_binary_info.c.o
 .rodata._vsnprintf
                0x0000000010008798      0x1e0 CMakeFiles/cap_template.dir/Users/raeezjaldin/Pico/pico-sdk/src/rp2_common/pico_printf/printf.c.o
 .rodata._etoa.part.0.str1.4
                0x0000000010008978        0x9 CMakeFiles/cap_template.dir/Users/raeezjaldin/Pico/pico-sdk/src/rp2_common/pico_printf/printf.c.o
 *fill*         0x0000000010008981        0x3 
 .rodata._ftoa.str1.4
                0x0000000010008984        0xc CMakeFiles/cap_template.dir/Users/raeezjaldin/Pico/pico-sdk/src/rp2_common/pico_printf/printf.c.o
 .rodata.pow10.5426
                0x0000000010008990       0x50 CMakeFiles/cap_template.dir/Users/raeezjaldin/Pico/pico-sdk/src/rp2_common/pico_printf/printf.c.o
 .rodata.crlf_str.6111
                0x00000000100089e0        0x2 CMakeFiles/cap_template.dir/Users/raeezjaldin/Pico/pico-sdk/src/rp2_common/pico_stdio/stdio.c.o
 *fill*         0x00000000100089e2        0x2 
 .rodata._resetd_driver
                0x00000000100089e4       0x20 CMakeFiles/cap_template.dir/Users/raeezjaldin/Pico/pico-sdk/src/rp2_common/pico_stdio_usb/reset_interface.c.o
 .rodata.desc_bos
                0x0000000010008a04       0x21 CMakeFiles/cap_template.dir/Users/raeezjaldin/Pico/pico-sdk/src/rp2_common/pico_stdio_usb/reset_interface.c.o
                0x0000000010008a04                desc_bos
 *fill*         0x0000000010008a25        0x3 
 .rodata.desc_ms_os_20
                0x0000000010008a28       0xa6 CMakeFiles/cap_template.dir/Users/raeezjaldin/Pico/pico-sdk/src/rp2_common/pico_stdio_usb/reset_interface.c.o
 *fill*         0x0000000010008ace        0x2 
 .rodata.__bi_202.7870
                0x0000000010008ad0        0xc CMakeFiles/cap_template.dir/Users/raeezjaldin/Pico/pico-sdk/src/rp2_common/pico_stdio_usb/stdio_usb.c.o
 .rodata.str1.4
                0x0000000010008adc       0x13 CMakeFiles/cap_template.dir/Users/raeezjaldin/Pico/pico-sdk/src/rp2_common/pico_stdio_usb/stdio_usb.c.o
 *fill*         0x0000000010008aef        0x1 
 .rodata.str1.4
                0x0000000010008af0       0x2a CMakeFiles/cap_template.dir/Users/raeezjaldin/Pico/pico-sdk/src/rp2_common/pico_stdio_usb/stdio_usb_descriptors.c.o
 *fill*         0x0000000010008b1a        0x2 
 .rodata.usbd_desc_cfg
                0x0000000010008b1c       0x54 CMakeFiles/cap_template.dir/Users/raeezjaldin/Pico/pico-sdk/src/rp2_common/pico_stdio_usb/stdio_usb_descriptors.c.o
 .rodata.usbd_desc_device
                0x0000000010008b70       0x12 CMakeFiles/cap_template.dir/Users/raeezjaldin/Pico/pico-sdk/src/rp2_common/pico_stdio_usb/stdio_usb_descriptors.c.o
 *fill*         0x0000000010008b82        0x2 
 .rodata.usbd_desc_str
                0x0000000010008b84       0x18 CMakeFiles/cap_template.dir/Users/raeezjaldin/Pico/pico-sdk/src/rp2_common/pico_stdio_usb/stdio_usb_descriptors.c.o
 .rodata.str1.4
                0x0000000010008b9c       0x14 CMakeFiles/cap_template.dir/Users/raeezjaldin/Pico/pico-sdk/lib/tinyusb/src/portable/raspberrypi/rp2040/dcd_rp2040.c.o
 .rodata.str1.4
                0x0000000010008bb0       0x48 CMakeFiles/cap_template.dir/Users/raeezjaldin/Pico/pico-sdk/lib/tinyusb/src/portable/raspberrypi/rp2040/rp2040_usb.c.o
 .rodata.tud_task_ext
                0x0000000010008bf8       0x8c CMakeFiles/cap_template.dir/Users/raeezjaldin/Pico/pico-sdk/lib/tinyusb/src/device/usbd.c.o
 .rodata        0x0000000010008c84       0x1c CMakeFiles/cap_template.dir/Users/raeezjaldin/Pico/pico-sdk/lib/tinyusb/src/device/usbd.c.o
 .rodata._usbd_driver
                0x0000000010008ca0       0x40 CMakeFiles/cap_template.dir/Users/raeezjaldin/Pico/pico-sdk/lib/tinyusb/src/device/usbd.c.o
 .rodata._setlocale_r.str1.4
                0x0000000010008ce0        0x6 /Users/raeezjaldin/Library/Arduino15/packages/arduino/tools/arm-none-eabi-gcc/7-2017q4/bin/../lib/gcc/arm-none-eabi/7.2.1/../../../../arm-none-eabi/lib/thumb/v6-m/libg.a(lib_a-locale.o)
                                          0xd (size before relaxing)
 *fill*         0x0000000010008ce6        0x2 
 .rodata.str1.4
                0x0000000010008ce8        0x4 /Users/raeezjaldin/Library/Arduino15/packages/arduino/tools/arm-none-eabi-gcc/7-2017q4/bin/../lib/gcc/arm-none-eabi/7.2.1/../../../../arm-none-eabi/lib/thumb/v6-m/libg.a(lib_a-locale.o)
                                          0x2 (size before relaxing)
 .rodata._ctype_
                0x0000000010008cec      0x101 /Users/raeezjaldin/Library/Arduino15/packages/arduino/tools/arm-none-eabi-gcc/7-2017q4/bin/../lib/gcc/arm-none-eabi/7.2.1/../../../../arm-none-eabi/lib/thumb/v6-m/libg.a(lib_a-ctype_.o)
                0x0000000010008cec                _ctype_
                0x0000000010008df0                . = ALIGN (0x4)
 *fill*         0x0000000010008ded        0x3 
 *(SORT_BY_ALIGNMENT(SORT_BY_NAME(.flashdata*)))
                0x0000000010008df0                . = ALIGN (0x4)

.ARM.extab
 *(.ARM.extab* .gnu.linkonce.armextab.*)
                0x0000000010008df0                __exidx_start = .

.ARM.exidx
 *(.ARM.exidx* .gnu.linkonce.armexidx.*)
                0x0000000010008df0                __exidx_end = .
                0x0000000010008df0                . = ALIGN (0x4)
                0x0000000010008df0                __binary_info_start = .

.binary_info    0x0000000010008df0       0x20
 *(.binary_info.keep.*)
 .binary_info.keep.__bi_ptr26
                0x0000000010008df0        0x4 CMakeFiles/cap_template.dir/Users/raeezjaldin/Pico/pico-sdk/src/rp2_common/pico_standard_binary_info/standard_binary_info.c.o
 .binary_info.keep.__bi_ptr34
                0x0000000010008df4        0x4 CMakeFiles/cap_template.dir/Users/raeezjaldin/Pico/pico-sdk/src/rp2_common/pico_standard_binary_info/standard_binary_info.c.o
 .binary_info.keep.__bi_ptr42
                0x0000000010008df8        0x4 CMakeFiles/cap_template.dir/Users/raeezjaldin/Pico/pico-sdk/src/rp2_common/pico_standard_binary_info/standard_binary_info.c.o
 .binary_info.keep.__bi_ptr48
                0x0000000010008dfc        0x4 CMakeFiles/cap_template.dir/Users/raeezjaldin/Pico/pico-sdk/src/rp2_common/pico_standard_binary_info/standard_binary_info.c.o
 .binary_info.keep.__bi_ptr54
                0x0000000010008e00        0x4 CMakeFiles/cap_template.dir/Users/raeezjaldin/Pico/pico-sdk/src/rp2_common/pico_standard_binary_info/standard_binary_info.c.o
 .binary_info.keep.__bi_ptr78
                0x0000000010008e04        0x4 CMakeFiles/cap_template.dir/Users/raeezjaldin/Pico/pico-sdk/src/rp2_common/pico_standard_binary_info/standard_binary_info.c.o
 .binary_info.keep.__bi_ptr84
                0x0000000010008e08        0x4 CMakeFiles/cap_template.dir/Users/raeezjaldin/Pico/pico-sdk/src/rp2_common/pico_standard_binary_info/standard_binary_info.c.o
 *(.binary_info.*)
 .binary_info.__bi_ptr202
                0x0000000010008e0c        0x4 CMakeFiles/cap_template.dir/Users/raeezjaldin/Pico/pico-sdk/src/rp2_common/pico_stdio_usb/stdio_usb.c.o
                0x0000000010008e10                __binary_info_end = .
                0x0000000010008e10                . = ALIGN (0x4)

.ram_vector_table
                0x0000000020000000       0xc0
 *(.ram_vector_table)
 .ram_vector_table
                0x0000000020000000       0xc0 CMakeFiles/cap_template.dir/Users/raeezjaldin/Pico/pico-sdk/src/rp2_common/pico_runtime_init/runtime_init.c.o
                0x0000000020000000                ram_vector_table

.uninitialized_data
                0x00000000200000c0        0x0
                0x00000000200000c0                . = ALIGN (0x4)
 *(.uninitialized_data*)

.data           0x00000000200000c0     0x173c load address 0x0000000010008e10
                0x00000000200000c0                __data_start__ = .
 *(vtable)
 *(.time_critical*)
 .time_critical.mutex_try_enter
                0x00000000200000c0       0x48 CMakeFiles/cap_template.dir/Users/raeezjaldin/Pico/pico-sdk/src/common/pico_sync/mutex.c.o
                0x00000000200000c0                mutex_try_enter
 .time_critical.mutex_try_enter_block_until
                0x0000000020000108       0x9c CMakeFiles/cap_template.dir/Users/raeezjaldin/Pico/pico-sdk/src/common/pico_sync/mutex.c.o
                0x0000000020000108                mutex_try_enter_block_until
 .time_critical.mutex_enter_timeout_ms
                0x00000000200001a4       0x8c CMakeFiles/cap_template.dir/Users/raeezjaldin/Pico/pico-sdk/src/common/pico_sync/mutex.c.o
                0x00000000200001a4                mutex_enter_timeout_ms
 .time_critical.mutex_exit
                0x0000000020000230       0x28 CMakeFiles/cap_template.dir/Users/raeezjaldin/Pico/pico-sdk/src/common/pico_sync/mutex.c.o
                0x0000000020000230                mutex_exit
 .time_critical.flash_init_boot2_copyout
                0x0000000020000258       0x34 CMakeFiles/cap_template.dir/Users/raeezjaldin/Pico/pico-sdk/src/rp2_common/hardware_flash/flash.c.o
 .time_critical.flash_enable_xip_via_boot2
                0x000000002000028c       0x10 CMakeFiles/cap_template.dir/Users/raeezjaldin/Pico/pico-sdk/src/rp2_common/hardware_flash/flash.c.o
 .time_critical.flash_save_hardware_state
                0x000000002000029c       0x28 CMakeFiles/cap_template.dir/Users/raeezjaldin/Pico/pico-sdk/src/rp2_common/hardware_flash/flash.c.o
 .time_critical.flash_restore_hardware_state
                0x00000000200002c4       0x28 CMakeFiles/cap_template.dir/Users/raeezjaldin/Pico/pico-sdk/src/rp2_common/hardware_flash/flash.c.o
 .time_critical.flash_cs_force
                0x00000000200002ec       0x38 CMakeFiles/cap_template.dir/Users/raeezjaldin/Pico/pico-sdk/src/rp2_common/hardware_flash/flash.c.o
 .time_critical.flash_range_erase
                0x0000000020000324       0x8c CMakeFiles/cap_template.dir/Users/raeezjaldin/Pico/pico-sdk/src/rp2_common/hardware_flash/flash.c.o
                0x0000000020000324                flash_range_erase
 .time_critical.flash_range_program
                0x00000000200003b0       0x90 CMakeFiles/cap_template.dir/Users/raeezjaldin/Pico/pico-sdk/src/rp2_common/hardware_flash/flash.c.o
                0x00000000200003b0                flash_range_program
 .time_critical.flash_do_cmd
                0x0000000020000440       0xbc CMakeFiles/cap_template.dir/Users/raeezjaldin/Pico/pico-sdk/src/rp2_common/hardware_flash/flash.c.o
                0x0000000020000440                flash_do_cmd
 .time_critical.reset_non_control_endpoints
                0x00000000200004fc       0xbc CMakeFiles/cap_template.dir/Users/raeezjaldin/Pico/pico-sdk/lib/tinyusb/src/portable/raspberrypi/rp2040/dcd_rp2040.c.o
 .time_critical.hw_handle_buff_status
                0x00000000200005b8       0x98 CMakeFiles/cap_template.dir/Users/raeezjaldin/Pico/pico-sdk/lib/tinyusb/src/portable/raspberrypi/rp2040/dcd_rp2040.c.o
 .time_critical.dcd_rp2040_irq
                0x0000000020000650      0x558 CMakeFiles/cap_template.dir/Users/raeezjaldin/Pico/pico-sdk/lib/tinyusb/src/portable/raspberrypi/rp2040/dcd_rp2040.c.o
 .time_critical.prepare_ep_buffer
                0x0000000020000ba8      0x110 CMakeFiles/cap_template.dir/Users/raeezjaldin/Pico/pico-sdk/lib/tinyusb/src/portable/raspberrypi/rp2040/rp2040_usb.c.o
 .time_critical.sync_ep_buffer
                0x0000000020000cb8       0xc8 CMakeFiles/cap_template.dir/Users/raeezjaldin/Pico/pico-sdk/lib/tinyusb/src/portable/raspberrypi/rp2040/rp2040_usb.c.o
 .time_critical._hw_endpoint_xfer_sync
                0x0000000020000d80       0x28 CMakeFiles/cap_template.dir/Users/raeezjaldin/Pico/pico-sdk/lib/tinyusb/src/portable/raspberrypi/rp2040/rp2040_usb.c.o
 .time_critical.e15_is_bulkin_ep
                0x0000000020000da8       0x28 CMakeFiles/cap_template.dir/Users/raeezjaldin/Pico/pico-sdk/lib/tinyusb/src/portable/raspberrypi/rp2040/rp2040_usb.c.o
 .time_critical.e15_is_critical_frame_period
                0x0000000020000dd0       0x38 CMakeFiles/cap_template.dir/Users/raeezjaldin/Pico/pico-sdk/lib/tinyusb/src/portable/raspberrypi/rp2040/rp2040_usb.c.o
 .time_critical.hw_endpoint_reset_transfer
                0x0000000020000e08        0xc CMakeFiles/cap_template.dir/Users/raeezjaldin/Pico/pico-sdk/lib/tinyusb/src/portable/raspberrypi/rp2040/rp2040_usb.c.o
                0x0000000020000e08                hw_endpoint_reset_transfer
 .time_critical._hw_endpoint_buffer_control_update32
                0x0000000020000e14       0x50 CMakeFiles/cap_template.dir/Users/raeezjaldin/Pico/pico-sdk/lib/tinyusb/src/portable/raspberrypi/rp2040/rp2040_usb.c.o
                0x0000000020000e14                _hw_endpoint_buffer_control_update32
 .time_critical.hw_endpoint_start_next_buffer
                0x0000000020000e64       0x6c CMakeFiles/cap_template.dir/Users/raeezjaldin/Pico/pico-sdk/lib/tinyusb/src/portable/raspberrypi/rp2040/rp2040_usb.c.o
                0x0000000020000e64                hw_endpoint_start_next_buffer
 .time_critical.hw_endpoint_xfer_continue
                0x0000000020000ed0       0x40 CMakeFiles/cap_template.dir/Users/raeezjaldin/Pico/pico-sdk/lib/tinyusb/src/portable/raspberrypi/rp2040/rp2040_usb.c.o
                0x0000000020000ed0                hw_endpoint_xfer_continue
 .time_critical.tinyusb
                0x0000000020000f10      0x1f4 CMakeFiles/cap_template.dir/Users/raeezjaldin/Pico/pico-sdk/lib/tinyusb/src/device/usbd.c.o
                0x0000000020000f10                dcd_event_handler
 *(.text*)
 .text          0x0000000020001104        0x4 /Users/raeezjaldin/Library/Arduino15/packages/arduino/tools/arm-none-eabi-gcc/7-2017q4/bin/../lib/gcc/arm-none-eabi/7.2.1/thumb/v6-m/libgcc.a(_dvmd_tls.o)
                0x0000000020001104                __aeabi_ldiv0
                0x0000000020001104                __aeabi_idiv0
 .text.__stub   0x0000000020001108       0x90 linker stubs
                0x0000000020001198                . = ALIGN (0x4)
 *(.rodata*)
                0x0000000020001198                . = ALIGN (0x4)
 *(.data*)
 .data.striped_spin_lock_num
                0x0000000020001198        0x1 CMakeFiles/cap_template.dir/Users/raeezjaldin/Pico/pico-sdk/src/rp2_common/hardware_sync/sync.c.o
 *fill*         0x0000000020001199        0x3 
 .data          0x000000002000119c       0x48 CMakeFiles/cap_template.dir/Users/raeezjaldin/Pico/pico-sdk/src/rp2_common/hardware_irq/irq_handler_chain.S.o
                0x000000002000119c                irq_handler_chain_slots
                0x00000000200011cc                irq_handler_chain_first_slot
                0x00000000200011d6                irq_handler_chain_remove_tail
 .data.default_alarm_pool
                0x00000000200011e4       0x18 CMakeFiles/cap_template.dir/Users/raeezjaldin/Pico/pico-sdk/src/common/pico_time/time.c.o
 *fill*         0x00000000200011fc        0x4 
 .data.aeabi_bits_funcs
                0x0000000020001200       0x10 CMakeFiles/cap_template.dir/Users/raeezjaldin/Pico/pico-sdk/src/rp2_common/pico_bit_ops/bit_ops_aeabi.S.o
                0x0000000020001200                aeabi_bits_funcs
                0x0000000020001210                aeabi_bits_funcs_end
 .data.aeabi_mem_funcs
                0x0000000020001210       0x10 CMakeFiles/cap_template.dir/Users/raeezjaldin/Pico/pico-sdk/src/rp2_common/pico_mem_ops/mem_ops_aeabi.S.o
                0x0000000020001210                aeabi_mem_funcs
                0x0000000020001220                aeabi_mem_funcs_end
 .data.stdio_usb
                0x0000000020001220       0x18 CMakeFiles/cap_template.dir/Users/raeezjaldin/Pico/pico-sdk/src/rp2_common/pico_stdio_usb/stdio_usb.c.o
                0x0000000020001220                stdio_usb
 .data._usbd_qdef
                0x0000000020001238       0x1c CMakeFiles/cap_template.dir/Users/raeezjaldin/Pico/pico-sdk/lib/tinyusb/src/device/usbd.c.o
                0x0000000020001238                _usbd_qdef
 .data._usbd_rhport
                0x0000000020001254        0x1 CMakeFiles/cap_template.dir/Users/raeezjaldin/Pico/pico-sdk/lib/tinyusb/src/device/usbd.c.o
 *fill*         0x0000000020001255        0x3 
 .data._impure_ptr
                0x0000000020001258        0x4 /Users/raeezjaldin/Library/Arduino15/packages/arduino/tools/arm-none-eabi-gcc/7-2017q4/bin/../lib/gcc/arm-none-eabi/7.2.1/../../../../arm-none-eabi/lib/thumb/v6-m/libg.a(lib_a-impure.o)
                0x0000000020001258                _impure_ptr
 *fill*         0x000000002000125c        0x4 
 .data.impure_data
                0x0000000020001260      0x428 /Users/raeezjaldin/Library/Arduino15/packages/arduino/tools/arm-none-eabi-gcc/7-2017q4/bin/../lib/gcc/arm-none-eabi/7.2.1/../../../../arm-none-eabi/lib/thumb/v6-m/libg.a(lib_a-impure.o)
 .data.__global_locale
                0x0000000020001688      0x16c /Users/raeezjaldin/Library/Arduino15/packages/arduino/tools/arm-none-eabi-gcc/7-2017q4/bin/../lib/gcc/arm-none-eabi/7.2.1/../../../../arm-none-eabi/lib/thumb/v6-m/libg.a(lib_a-locale.o)
                0x0000000020001688                __global_locale
                0x00000000200017f4                . = ALIGN (0x4)
 *(.after_data.*)
                0x00000000200017f4                . = ALIGN (0x4)
                0x00000000200017f4                PROVIDE (__mutex_array_start, .)
 *(SORT_BY_NAME(.mutex_array.*))
 *(.mutex_array)
 .mutex_array   0x00000000200017f4        0x8 CMakeFiles/cap_template.dir/Users/raeezjaldin/Pico/pico-sdk/src/rp2_common/pico_stdio/stdio.c.o
                0x00000000200017fc                PROVIDE (__mutex_array_end, .)
                0x00000000200017fc                . = ALIGN (0x4)
 *(.jcr)
                0x00000000200017fc                . = ALIGN (0x4)

.igot.plt       0x00000000200017fc        0x0 load address 0x000000001000a54c
 .igot.plt      0x00000000200017fc        0x0 /Users/raeezjaldin/Library/Arduino15/packages/arduino/tools/arm-none-eabi-gcc/7-2017q4/bin/../lib/gcc/arm-none-eabi/7.2.1/thumb/v6-m/crtbegin.o

.tdata          0x00000000200017fc        0x0 load address 0x000000001000a54c
                0x00000000200017fc                . = ALIGN (0x4)
 *(.tdata .tdata.* .gnu.linkonce.td.*)
                0x00000000200017fc                __tdata_end = .
                0x00000000200017fc                PROVIDE (__data_end__, .)
                0x0000000010008e10                __etext = LOADADDR (.data)

.tbss           0x00000000200017fc        0x0 load address 0x000000001000a54c
                0x00000000200017fc                . = ALIGN (0x4)
                0x00000000200017fc                __bss_start__ = .
                0x00000000200017fc                __tls_base = .
 *(.tbss .tbss.* .gnu.linkonce.tb.*)
 *(.tcommon)
                0x00000000200017fc                __tls_end = .

.bss            0x0000000020001800     0x4f00 load address 0x000000001000a54c
                0x0000000020001800                . = ALIGN (0x4)
                0x0000000020001800                __tbss_end = .
 *(SORT_BY_ALIGNMENT(SORT_BY_NAME(.bss*)))
 .bss.default_alarm_pool_entries
                0x0000000020001800      0x180 CMakeFiles/cap_template.dir/Users/raeezjaldin/Pico/pico-sdk/src/common/pico_time/time.c.o
 .bss.last_avail_time.7838
                0x0000000020001980        0x8 CMakeFiles/cap_template.dir/Users/raeezjaldin/Pico/pico-sdk/src/rp2_common/pico_stdio_usb/stdio_usb.c.o
 .bss           0x0000000020001988       0x1c /Users/raeezjaldin/Library/Arduino15/packages/arduino/tools/arm-none-eabi-gcc/7-2017q4/bin/../lib/gcc/arm-none-eabi/7.2.1/thumb/v6-m/crtbegin.o
 .bss._app_driver
                0x00000000200019a4        0x4 CMakeFiles/cap_template.dir/Users/raeezjaldin/Pico/pico-sdk/lib/tinyusb/src/device/usbd.c.o
 .bss._cdcd_epbuf
                0x00000000200019a8       0x80 CMakeFiles/cap_template.dir/Users/raeezjaldin/Pico/pico-sdk/lib/tinyusb/src/class/cdc/cdc_device.c.o
 .bss._cdcd_fifo_cfg
                0x0000000020001a28        0x1 CMakeFiles/cap_template.dir/Users/raeezjaldin/Pico/pico-sdk/lib/tinyusb/src/class/cdc/cdc_device.c.o
 *fill*         0x0000000020001a29        0x3 
 .bss._cdcd_itf
                0x0000000020001a2c       0xc8 CMakeFiles/cap_template.dir/Users/raeezjaldin/Pico/pico-sdk/lib/tinyusb/src/class/cdc/cdc_device.c.o
 .bss._ctrl_epbuf
                0x0000000020001af4       0x40 CMakeFiles/cap_template.dir/Users/raeezjaldin/Pico/pico-sdk/lib/tinyusb/src/device/usbd_control.c.o
 .bss._ctrl_xfer
                0x0000000020001b34       0x14 CMakeFiles/cap_template.dir/Users/raeezjaldin/Pico/pico-sdk/lib/tinyusb/src/device/usbd_control.c.o
 .bss._tusb_rhport_role
                0x0000000020001b48        0x2 CMakeFiles/cap_template.dir/Users/raeezjaldin/Pico/pico-sdk/lib/tinyusb/src/tusb.c.o
                0x0000000020001b48                _tusb_rhport_role
 *fill*         0x0000000020001b4a        0x2 
 .bss._ubsd_mutexdef
                0x0000000020001b4c        0x8 CMakeFiles/cap_template.dir/Users/raeezjaldin/Pico/pico-sdk/lib/tinyusb/src/device/usbd.c.o
 .bss._usbd_dev
                0x0000000020001b54       0x54 CMakeFiles/cap_template.dir/Users/raeezjaldin/Pico/pico-sdk/lib/tinyusb/src/device/usbd.c.o
 .bss._usbd_mutex
                0x0000000020001ba8        0x4 CMakeFiles/cap_template.dir/Users/raeezjaldin/Pico/pico-sdk/lib/tinyusb/src/device/usbd.c.o
 .bss._usbd_q   0x0000000020001bac        0x4 CMakeFiles/cap_template.dir/Users/raeezjaldin/Pico/pico-sdk/lib/tinyusb/src/device/usbd.c.o
 .bss._vendord_epbuf
                0x0000000020001bb0       0x80 CMakeFiles/cap_template.dir/Users/raeezjaldin/Pico/pico-sdk/lib/tinyusb/src/class/vendor/vendor_device.c.o
 .bss._vendord_itf
                0x0000000020001c30      0x24c CMakeFiles/cap_template.dir/Users/raeezjaldin/Pico/pico-sdk/lib/tinyusb/src/class/vendor/vendor_device.c.o
 .bss.boot2_copyout
                0x0000000020001e7c      0x100 CMakeFiles/cap_template.dir/Users/raeezjaldin/Pico/pico-sdk/src/rp2_common/hardware_flash/flash.c.o
 .bss.chars_available_callback
                0x0000000020001f7c        0x4 CMakeFiles/cap_template.dir/Users/raeezjaldin/Pico/pico-sdk/src/rp2_common/pico_stdio_usb/stdio_usb.c.o
 .bss.chars_available_param
                0x0000000020001f80        0x4 CMakeFiles/cap_template.dir/Users/raeezjaldin/Pico/pico-sdk/src/rp2_common/pico_stdio_usb/stdio_usb.c.o
 .bss.claimed   0x0000000020001f84        0x4 CMakeFiles/cap_template.dir/Users/raeezjaldin/Pico/pico-sdk/src/rp2_common/hardware_sync/sync.c.o
 .bss.claimed   0x0000000020001f88        0x1 CMakeFiles/cap_template.dir/Users/raeezjaldin/Pico/pico-sdk/src/rp2_common/hardware_timer/timer.c.o
 *fill*         0x0000000020001f89        0x3 
 .bss.cli_existing_record
                0x0000000020001f8c     0x1000 CMakeFiles/cap_template.dir/cli.c.o
 .bss.cli_read_record
                0x0000000020002f8c     0x1000 CMakeFiles/cap_template.dir/cli.c.o
 .bss.cli_write_record
                0x0000000020003f8c     0x1000 CMakeFiles/cap_template.dir/cli.c.o
 .bss.configured_freq
                0x0000000020004f8c       0x28 CMakeFiles/cap_template.dir/Users/raeezjaldin/Pico/pico-sdk/src/rp2_common/hardware_clocks/clocks.c.o
 .bss.desc_str.7433
                0x0000000020004fb4       0x28 CMakeFiles/cap_template.dir/Users/raeezjaldin/Pico/pico-sdk/src/rp2_common/pico_stdio_usb/stdio_usb_descriptors.c.o
 .bss.drivers   0x0000000020004fdc        0x4 CMakeFiles/cap_template.dir/Users/raeezjaldin/Pico/pico-sdk/src/rp2_common/pico_stdio/stdio.c.o
 .bss.e15_last_sof
                0x0000000020004fe0        0x4 CMakeFiles/cap_template.dir/Users/raeezjaldin/Pico/pico-sdk/lib/tinyusb/src/portable/raspberrypi/rp2040/rp2040_usb.c.o
                0x0000000020004fe0                e15_last_sof
 .bss.filter    0x0000000020004fe4        0x4 CMakeFiles/cap_template.dir/Users/raeezjaldin/Pico/pico-sdk/src/rp2_common/pico_stdio/stdio.c.o
 .bss.flash_sector_work_buffer
                0x0000000020004fe8     0x1000 CMakeFiles/cap_template.dir/flash_ops.c.o
 .bss.hw_endpoints
                0x0000000020005fe8      0x400 CMakeFiles/cap_template.dir/Users/raeezjaldin/Pico/pico-sdk/lib/tinyusb/src/portable/raspberrypi/rp2040/dcd_rp2040.c.o
 .bss.lazy_vsnprintf
                0x00000000200063e8        0x4 CMakeFiles/cap_template.dir/Users/raeezjaldin/Pico/pico-sdk/src/rp2_common/pico_printf/printf.c.o
 .bss.load_value
                0x00000000200063ec        0x4 CMakeFiles/cap_template.dir/Users/raeezjaldin/Pico/pico-sdk/src/rp2_common/hardware_watchdog/watchdog.c.o
 .bss.next_buffer_ptr
                0x00000000200063f0        0x4 CMakeFiles/cap_template.dir/Users/raeezjaldin/Pico/pico-sdk/lib/tinyusb/src/portable/raspberrypi/rp2040/dcd_rp2040.c.o
 .bss.one_shot_timer_crit_sec